Archive member included to satisfy reference by file (symbol)

/Applications/Simplicity Studio.app/Contents/Eclipse/developer/toolchains/gnu_arm/10.3_2021.10/bin/../lib/gcc/arm-none-eabi/10.3.1/thumb/v7-m/nofp/libgcc.a(_aeabi_ldivmod.o)
                              ./gecko_sdk_4.2.3/platform/emlib/src/em_usart.o (__aeabi_ldivmod)
/Applications/Simplicity Studio.app/Contents/Eclipse/developer/toolchains/gnu_arm/10.3_2021.10/bin/../lib/gcc/arm-none-eabi/10.3.1/thumb/v7-m/nofp/libgcc.a(_aeabi_uldivmod.o)
                              ./gecko_sdk_4.2.3/platform/emlib/src/em_usart.o (__aeabi_uldivmod)
/Applications/Simplicity Studio.app/Contents/Eclipse/developer/toolchains/gnu_arm/10.3_2021.10/bin/../lib/gcc/arm-none-eabi/10.3.1/thumb/v7-m/nofp/libgcc.a(_udivmoddi4.o)
                              /Applications/Simplicity Studio.app/Contents/Eclipse/developer/toolchains/gnu_arm/10.3_2021.10/bin/../lib/gcc/arm-none-eabi/10.3.1/thumb/v7-m/nofp/libgcc.a(_aeabi_ldivmod.o) (__udivmoddi4)
/Applications/Simplicity Studio.app/Contents/Eclipse/developer/toolchains/gnu_arm/10.3_2021.10/bin/../lib/gcc/arm-none-eabi/10.3.1/thumb/v7-m/nofp/libgcc.a(_dvmd_tls.o)
                              /Applications/Simplicity Studio.app/Contents/Eclipse/developer/toolchains/gnu_arm/10.3_2021.10/bin/../lib/gcc/arm-none-eabi/10.3.1/thumb/v7-m/nofp/libgcc.a(_aeabi_ldivmod.o) (__aeabi_ldiv0)
/Applications/Simplicity Studio.app/Contents/Eclipse/developer/toolchains/gnu_arm/10.3_2021.10/bin/../lib/gcc/arm-none-eabi/10.3.1/../../../../arm-none-eabi/lib/thumb/v7-m/nofp/libc_nano.a(lib_a-abs.o)
                              ./my/segmentlcd.o (abs)
/Applications/Simplicity Studio.app/Contents/Eclipse/developer/toolchains/gnu_arm/10.3_2021.10/bin/../lib/gcc/arm-none-eabi/10.3.1/../../../../arm-none-eabi/lib/thumb/v7-m/nofp/libc_nano.a(lib_a-ctype_.o)
                              ./gecko_sdk_4.2.3/platform/common/src/sl_string.o (_ctype_)
/Applications/Simplicity Studio.app/Contents/Eclipse/developer/toolchains/gnu_arm/10.3_2021.10/bin/../lib/gcc/arm-none-eabi/10.3.1/../../../../arm-none-eabi/lib/thumb/v7-m/nofp/libc_nano.a(lib_a-exit.o)
                              /Applications/Simplicity Studio.app/Contents/Eclipse/developer/toolchains/gnu_arm/10.3_2021.10/bin/../lib/gcc/arm-none-eabi/10.3.1/../../../../arm-none-eabi/lib/thumb/v7-m/nofp/crt0.o (exit)
/Applications/Simplicity Studio.app/Contents/Eclipse/developer/toolchains/gnu_arm/10.3_2021.10/bin/../lib/gcc/arm-none-eabi/10.3.1/../../../../arm-none-eabi/lib/thumb/v7-m/nofp/libc_nano.a(lib_a-impure.o)
                              /Applications/Simplicity Studio.app/Contents/Eclipse/developer/toolchains/gnu_arm/10.3_2021.10/bin/../lib/gcc/arm-none-eabi/10.3.1/../../../../arm-none-eabi/lib/thumb/v7-m/nofp/libc_nano.a(lib_a-exit.o) (_global_impure_ptr)
/Applications/Simplicity Studio.app/Contents/Eclipse/developer/toolchains/gnu_arm/10.3_2021.10/bin/../lib/gcc/arm-none-eabi/10.3.1/../../../../arm-none-eabi/lib/thumb/v7-m/nofp/libc_nano.a(lib_a-init.o)
                              /Applications/Simplicity Studio.app/Contents/Eclipse/developer/toolchains/gnu_arm/10.3_2021.10/bin/../lib/gcc/arm-none-eabi/10.3.1/../../../../arm-none-eabi/lib/thumb/v7-m/nofp/crt0.o (__libc_init_array)
/Applications/Simplicity Studio.app/Contents/Eclipse/developer/toolchains/gnu_arm/10.3_2021.10/bin/../lib/gcc/arm-none-eabi/10.3.1/../../../../arm-none-eabi/lib/thumb/v7-m/nofp/libc_nano.a(lib_a-memcpy-stub.o)
                              ./gecko_sdk_4.2.3/platform/service/iostream/src/sl_iostream_uart.o (memcpy)
/Applications/Simplicity Studio.app/Contents/Eclipse/developer/toolchains/gnu_arm/10.3_2021.10/bin/../lib/gcc/arm-none-eabi/10.3.1/../../../../arm-none-eabi/lib/thumb/v7-m/nofp/libc_nano.a(lib_a-memset.o)
                              /Applications/Simplicity Studio.app/Contents/Eclipse/developer/toolchains/gnu_arm/10.3_2021.10/bin/../lib/gcc/arm-none-eabi/10.3.1/../../../../arm-none-eabi/lib/thumb/v7-m/nofp/crt0.o (memset)
/Applications/Simplicity Studio.app/Contents/Eclipse/developer/toolchains/gnu_arm/10.3_2021.10/bin/../lib/gcc/arm-none-eabi/10.3.1/../../../../arm-none-eabi/lib/thumb/v7-m/nofp/libc_nano.a(lib_a-snprintf.o)
                              ./app_06.o (snprintf)
/Applications/Simplicity Studio.app/Contents/Eclipse/developer/toolchains/gnu_arm/10.3_2021.10/bin/../lib/gcc/arm-none-eabi/10.3.1/../../../../arm-none-eabi/lib/thumb/v7-m/nofp/libc_nano.a(lib_a-strcmp.o)
                              ./app_06.o (strcmp)
/Applications/Simplicity Studio.app/Contents/Eclipse/developer/toolchains/gnu_arm/10.3_2021.10/bin/../lib/gcc/arm-none-eabi/10.3.1/../../../../arm-none-eabi/lib/thumb/v7-m/nofp/libc_nano.a(lib_a-strlen.o)
                              ./app_06.o (strlen)
/Applications/Simplicity Studio.app/Contents/Eclipse/developer/toolchains/gnu_arm/10.3_2021.10/bin/../lib/gcc/arm-none-eabi/10.3.1/../../../../arm-none-eabi/lib/thumb/v7-m/nofp/libc_nano.a(lib_a-vprintf.o)
[...]
Memory Configuration

Name             Origin             Length             Attributes
FLASH            0x0000000000000000 0x0000000000100000 xr
RAM              0x0000000020000000 0x0000000000020000 xrw
*default*        0x0000000000000000 0xffffffffffffffff

Linker script and memory map

LOAD /Applications/Simplicity Studio.app/Contents/Eclipse/developer/toolchains/gnu_arm/10.3_2021.10/bin/../lib/gcc/arm-none-eabi/10.3.1/thumb/v7-m/nofp/crti.o
LOAD /Applications/Simplicity Studio.app/Contents/Eclipse/developer/toolchains/gnu_arm/10.3_2021.10/bin/../lib/gcc/arm-none-eabi/10.3.1/thumb/v7-m/nofp/crtbegin.o
LOAD /Applications/Simplicity Studio.app/Contents/Eclipse/developer/toolchains/gnu_arm/10.3_2021.10/bin/../lib/gcc/arm-none-eabi/10.3.1/../../../../arm-none-eabi/lib/thumb/v7-m/nofp/crt0.o
START GROUP
LOAD ./app_06.o
LOAD ./main.o
LOAD ./autogen/sl_board_default_init.o
LOAD ./autogen/sl_device_init_clocks.o
LOAD ./autogen/sl_event_handler.o
LOAD ./autogen/sl_iostream_handles.o
LOAD ./gecko_sdk_4.2.3/hardware/board/src/sl_board_control_gpio.o
LOAD ./gecko_sdk_4.2.3/hardware/board/src/sl_board_init.o
LOAD ./gecko_sdk_4.2.3/platform/CMSIS/RTOS2/Source/os_systick.o
LOAD ./gecko_sdk_4.2.3/platform/Device/SiliconLabs/EFM32GG/Source/startup_efm32gg.o
LOAD ./gecko_sdk_4.2.3/platform/Device/SiliconLabs/EFM32GG/Source/system_efm32gg.o
LOAD ./gecko_sdk_4.2.3/platform/common/src/sl_assert.o
LOAD ./gecko_sdk_4.2.3/platform/common/src/sl_string.o
LOAD ./gecko_sdk_4.2.3/platform/common/src/sli_cmsis_os2_ext_task_register.o
LOAD ./gecko_sdk_4.2.3/platform/common/toolchain/src/sl_memory.o
LOAD ./gecko_sdk_4.2.3/platform/emdrv/dmadrv/src/dmactrl.o
LOAD ./gecko_sdk_4.2.3/platform/emdrv/dmadrv/src/dmadrv.o
LOAD ./gecko_sdk_4.2.3/platform/emlib/src/em_cmu.o
LOAD ./gecko_sdk_4.2.3/platform/emlib/src/em_core.o
LOAD ./gecko_sdk_4.2.3/platform/emlib/src/em_dma.o
LOAD ./gecko_sdk_4.2.3/platform/emlib/src/em_emu.o
LOAD ./gecko_sdk_4.2.3/platform/emlib/src/em_gpio.o
LOAD ./gecko_sdk_4.2.3/platform/emlib/src/em_msc.o
LOAD ./gecko_sdk_4.2.3/platform/emlib/src/em_system.o
LOAD ./gecko_sdk_4.2.3/platform/emlib/src/em_usart.o
LOAD ./gecko_sdk_4.2.3/platform/service/device_init/src/sl_device_init_emu_s0.o
LOAD ./gecko_sdk_4.2.3/platform/service/device_init/src/sl_device_init_hfxo_s0.o
LOAD ./gecko_sdk_4.2.3/platform/service/device_init/src/sl_device_init_lfxo_s0.o
LOAD ./gecko_sdk_4.2.3/platform/service/device_init/src/sl_device_init_nvic.o
LOAD ./gecko_sdk_4.2.3/platform/service/iostream/src/sl_iostream.o
LOAD ./gecko_sdk_4.2.3/platform/service/iostream/src/sl_iostream_uart.o
LOAD ./gecko_sdk_4.2.3/platform/service/iostream/src/sl_iostream_usart.o
LOAD ./gecko_sdk_4.2.3/platform/service/system/src/sl_system_init.o
LOAD ./gecko_sdk_4.2.3/platform/service/system/src/sl_system_kernel.o
LOAD ./gecko_sdk_4.2.3/platform/service/udelay/src/sl_udelay.o
LOAD ./gecko_sdk_4.2.3/platform/service/udelay/src/sl_udelay_armv6m_gcc.o
LOAD ./gecko_sdk_4.2.3/util/third_party/freertos/cmsis/Source/cmsis_os2.o
LOAD ./gecko_sdk_4.2.3/util/third_party/freertos/kernel/croutine.o
LOAD ./gecko_sdk_4.2.3/util/third_party/freertos/kernel/event_groups.o
LOAD ./gecko_sdk_4.2.3/util/third_party/freertos/kernel/list.o
LOAD ./gecko_sdk_4.2.3/util/third_party/freertos/kernel/queue.o
LOAD ./gecko_sdk_4.2.3/util/third_party/freertos/kernel/stream_buffer.o
LOAD ./gecko_sdk_4.2.3/util/third_party/freertos/kernel/tasks.o
LOAD ./gecko_sdk_4.2.3/util/third_party/freertos/kernel/timers.o
LOAD ./gecko_sdk_4.2.3/util/third_party/freertos/kernel/portable/GCC/ARM_CM3/port.o
LOAD ./gecko_sdk_4.2.3/util/third_party/freertos/kernel/portable/MemMang/heap_2.o
LOAD ./my/cursor.o
LOAD ./my/em_lcd.o
LOAD ./my/field.o
LOAD ./my/my_init.o
LOAD ./my/my_segmentlcd.o
LOAD ./my/segmentlcd.o
LOAD ./my/segmentlcd_individual.o
LOAD ./my/ships.o
LOAD /Applications/Simplicity Studio.app/Contents/Eclipse/developer/toolchains/gnu_arm/10.3_2021.10/bin/../lib/gcc/arm-none-eabi/10.3.1/thumb/v7-m/nofp/libgcc.a
LOAD /Applications/Simplicity Studio.app/Contents/Eclipse/developer/toolchains/gnu_arm/10.3_2021.10/bin/../lib/gcc/arm-none-eabi/10.3.1/../../../../arm-none-eabi/lib/thumb/v7-m/nofp/libc_nano.a
LOAD /Applications/Simplicity Studio.app/Contents/Eclipse/developer/toolchains/gnu_arm/10.3_2021.10/bin/../lib/gcc/arm-none-eabi/10.3.1/../../../../arm-none-eabi/lib/thumb/v7-m/nofp/libm.a
LOAD /Applications/Simplicity Studio.app/Contents/Eclipse/developer/toolchains/gnu_arm/10.3_2021.10/bin/../lib/gcc/arm-none-eabi/10.3.1/../../../../arm-none-eabi/lib/thumb/v7-m/nofp/libnosys.a
END GROUP
START GROUP
LOAD /Applications/Simplicity Studio.app/Contents/Eclipse/developer/toolchains/gnu_arm/10.3_2021.10/bin/../lib/gcc/arm-none-eabi/10.3.1/thumb/v7-m/nofp/libgcc.a
LOAD /Applications/Simplicity Studio.app/Contents/Eclipse/developer/toolchains/gnu_arm/10.3_2021.10/bin/../lib/gcc/arm-none-eabi/10.3.1/../../../../arm-none-eabi/lib/thumb/v7-m/nofp/libc_nano.a
LOAD /Applications/Simplicity Studio.app/Contents/Eclipse/developer/toolchains/gnu_arm/10.3_2021.10/bin/../lib/gcc/arm-none-eabi/10.3.1/../../../../arm-none-eabi/lib/thumb/v7-m/nofp/libnosys.a
END GROUP
START GROUP
LOAD /Applications/Simplicity Studio.app/Contents/Eclipse/developer/toolchains/gnu_arm/10.3_2021.10/bin/../lib/gcc/arm-none-eabi/10.3.1/thumb/v7-m/nofp/libgcc.a
LOAD /Applications/Simplicity Studio.app/Contents/Eclipse/developer/toolchains/gnu_arm/10.3_2021.10/bin/../lib/gcc/arm-none-eabi/10.3.1/../../../../arm-none-eabi/lib/thumb/v7-m/nofp/libg_nano.a
LOAD /Applications/Simplicity Studio.app/Contents/Eclipse/developer/toolchains/gnu_arm/10.3_2021.10/bin/../lib/gcc/arm-none-eabi/10.3.1/../../../../arm-none-eabi/lib/thumb/v7-m/nofp/libc_nano.a
END GROUP
START GROUP
LOAD /Applications/Simplicity Studio.app/Contents/Eclipse/developer/toolchains/gnu_arm/10.3_2021.10/bin/../lib/gcc/arm-none-eabi/10.3.1/thumb/v7-m/nofp/libgcc.a
LOAD /Applications/Simplicity Studio.app/Contents/Eclipse/developer/toolchains/gnu_arm/10.3_2021.10/bin/../lib/gcc/arm-none-eabi/10.3.1/../../../../arm-none-eabi/lib/thumb/v7-m/nofp/libc_nano.a
END GROUP
LOAD /Applications/Simplicity Studio.app/Contents/Eclipse/developer/toolchains/gnu_arm/10.3_2021.10/bin/../lib/gcc/arm-none-eabi/10.3.1/thumb/v7-m/nofp/crtend.o
LOAD /Applications/Simplicity Studio.app/Contents/Eclipse/developer/toolchains/gnu_arm/10.3_2021.10/bin/../lib/gcc/arm-none-eabi/10.3.1/thumb/v7-m/nofp/crtn.o

.text           0x0000000000000000     0x76d8
                0x0000000000000000                linker_vectors_begin = .
 *(.vectors)
 .vectors       0x0000000000000000       0xdc ./gecko_sdk_4.2.3/platform/Device/SiliconLabs/EFM32GG/Source/startup_efm32gg.o
                0x0000000000000000                __Vectors
                0x00000000000000dc                linker_vectors_end = .
                0x00000000000000dc                __Vectors_End = .
                0x00000000000000dc                __Vectors_Size = (__Vectors_End - __Vectors)
                0x00000000000000dc                linker_code_begin = .
 *(SORT_BY_ALIGNMENT(.text*))
 *fill*         0x00000000000000dc        0x4 
 .text          0x00000000000000e0        0x8 ./gecko_sdk_4.2.3/platform/service/udelay/src/sl_udelay_armv6m_gcc.o
                0x00000000000000e0                sli_delay_loop
 *fill*         0x00000000000000e8        0x8 
 .text.SVC_Handler
                0x00000000000000f0       0x24 ./gecko_sdk_4.2.3/util/third_party/freertos/kernel/portable/GCC/ARM_CM3/port.o
                0x00000000000000f0                SVC_Handler
 *fill*         0x0000000000000114        0xc 
 .text.PendSV_Handler
                0x0000000000000120       0x44 ./gecko_sdk_4.2.3/util/third_party/freertos/kernel/portable/GCC/ARM_CM3/port.o
                0x0000000000000120                PendSV_Handler
 .text          0x0000000000000164       0x40 /Applications/Simplicity Studio.app/Contents/Eclipse/developer/toolchains/gnu_arm/10.3_2021.10/bin/../lib/gcc/arm-none-eabi/10.3.1/thumb/v7-m/nofp/crtbegin.o
 .text          0x00000000000001a4       0x7c /Applications/Simplicity Studio.app/Contents/Eclipse/developer/toolchains/gnu_arm/10.3_2021.10/bin/../lib/gcc/arm-none-eabi/10.3.1/../../../../arm-none-eabi/lib/thumb/v7-m/nofp/crt0.o
                0x00000000000001a4                _stack_init
                0x00000000000001ac                _mainCRTStartup
                0x00000000000001ac                _start
 .text.vTimerCallback
                0x0000000000000220       0x10 ./app_06.o
                0x0000000000000220                vTimerCallback
 .text.prvTaskCursorBlink
                0x0000000000000230       0x40 ./app_06.o
 .text.prvTaskLCD
                0x0000000000000270      0x28c ./app_06.o
 .text.prvTaskUart0
                0x00000000000004fc       0x34 ./app_06.o
 .text.UART0_RX_IRQHandler
                0x0000000000000530       0x48 ./app_06.o
                0x0000000000000530                UART0_RX_IRQHandler
 .text.app_init
                0x0000000000000578      0x124 ./app_06.o
                0x0000000000000578                app_init
 .text.startup.main
                0x000000000000069c       0x14 ./main.o
                0x000000000000069c                main
 .text.sl_board_default_init
                0x00000000000006b0        0x4 ./autogen/sl_board_default_init.o
                0x00000000000006b0                sl_board_default_init
 .text.sl_device_init_clocks
                0x00000000000006b4       0x50 ./autogen/sl_device_init_clocks.o
                0x00000000000006b4                sl_device_init_clocks
 .text.sl_platform_init
                0x0000000000000704       0x78 ./autogen/sl_event_handler.o
                0x0000000000000704                sl_platform_init
 .text.sl_kernel_start
                0x000000000000077c        0x4 ./autogen/sl_event_handler.o
                0x000000000000077c                sl_kernel_start
 .text.sl_driver_init
                0x0000000000000780        0x4 ./autogen/sl_event_handler.o
                0x0000000000000780                sl_driver_init
 .text.sl_service_init
                0x0000000000000784        0x4 ./autogen/sl_event_handler.o
                0x0000000000000784                sl_service_init
 .text.sl_stack_init
                0x0000000000000788        0x4 ./autogen/sl_event_handler.o
                0x0000000000000788                sl_stack_init
 .text.sl_internal_app_init
                0x000000000000078c        0x4 ./autogen/sl_event_handler.o
                0x000000000000078c                sl_internal_app_init
 .text.sl_board_configure_vcom
                0x0000000000000790        0x4 ./gecko_sdk_4.2.3/hardware/board/src/sl_board_control_gpio.o
                0x0000000000000790                sl_board_configure_vcom
 .text.sl_board_init
                0x0000000000000794       0x18 ./gecko_sdk_4.2.3/hardware/board/src/sl_board_init.o
                0x0000000000000794                sl_board_init
 .text.sl_board_preinit
                0x00000000000007ac        0xc ./gecko_sdk_4.2.3/hardware/board/src/sl_board_init.o
                0x00000000000007ac                sl_board_preinit
 .text.Default_Handler
                0x00000000000007b8        0x4 ./gecko_sdk_4.2.3/platform/Device/SiliconLabs/EFM32GG/Source/startup_efm32gg.o
                0x00000000000007b8                USART2_TX_IRQHandler
                0x00000000000007b8                DebugMon_Handler
                0x00000000000007b8                USART0_TX_IRQHandler
                0x00000000000007b8                I2C0_IRQHandler
                0x00000000000007b8                HardFault_Handler
                0x00000000000007b8                LEUART1_IRQHandler
                0x00000000000007b8                USART1_RX_IRQHandler
                0x00000000000007b8                NMI_Handler
                0x00000000000007b8                I2C1_IRQHandler
                0x00000000000007b8                TIMER3_IRQHandler
                0x00000000000007b8                USART1_TX_IRQHandler
                0x00000000000007b8                MSC_IRQHandler
                0x00000000000007b8                ADC0_IRQHandler
                0x00000000000007b8                UsageFault_Handler
                0x00000000000007b8                LEUART0_IRQHandler
                0x00000000000007b8                GPIO_EVEN_IRQHandler
                0x00000000000007b8                UART0_TX_IRQHandler
                0x00000000000007b8                UART1_TX_IRQHandler
                0x00000000000007b8                RTC_IRQHandler
                0x00000000000007b8                TIMER0_IRQHandler
                0x00000000000007b8                LCD_IRQHandler
                0x00000000000007b8                PCNT2_IRQHandler
                0x00000000000007b8                LETIMER0_IRQHandler
                0x00000000000007b8                TIMER1_IRQHandler
                0x00000000000007b8                USART2_RX_IRQHandler
                0x00000000000007b8                Default_Handler
                0x00000000000007b8                EMU_IRQHandler
                0x00000000000007b8                PCNT0_IRQHandler
                0x00000000000007b8                sl_app_properties
                0x00000000000007b8                USB_IRQHandler
                0x00000000000007b8                BURTC_IRQHandler
                0x00000000000007b8                PCNT1_IRQHandler
                0x00000000000007b8                ACMP0_IRQHandler
                0x00000000000007b8                USART0_RX_IRQHandler
                0x00000000000007b8                MemManage_Handler
                0x00000000000007b8                DAC0_IRQHandler
                0x00000000000007b8                UART1_RX_IRQHandler
                0x00000000000007b8                CMU_IRQHandler
                0x00000000000007b8                EBI_IRQHandler
                0x00000000000007b8                GPIO_ODD_IRQHandler
                0x00000000000007b8                LESENSE_IRQHandler
                0x00000000000007b8                AES_IRQHandler
                0x00000000000007b8                VCMP_IRQHandler
                0x00000000000007b8                BusFault_Handler
                0x00000000000007b8                TIMER2_IRQHandler
 .text.Reset_Handler
                0x00000000000007bc       0x90 ./gecko_sdk_4.2.3/platform/Device/SiliconLabs/EFM32GG/Source/startup_efm32gg.o
                0x00000000000007bc                Reset_Handler
 .text.SystemCoreClockGet
                0x000000000000084c       0xe0 ./gecko_sdk_4.2.3/platform/Device/SiliconLabs/EFM32GG/Source/system_efm32gg.o
                0x000000000000084c                SystemCoreClockGet
 .text.SystemMaxCoreClockGet
                0x000000000000092c        0x8 ./gecko_sdk_4.2.3/platform/Device/SiliconLabs/EFM32GG/Source/system_efm32gg.o
                0x000000000000092c                SystemMaxCoreClockGet
 .text.SystemHFClockGet
                0x0000000000000934       0xd0 ./gecko_sdk_4.2.3/platform/Device/SiliconLabs/EFM32GG/Source/system_efm32gg.o
                0x0000000000000934                SystemHFClockGet
 .text.SystemHFXOClockGet
                0x0000000000000a04        0xc ./gecko_sdk_4.2.3/platform/Device/SiliconLabs/EFM32GG/Source/system_efm32gg.o
                0x0000000000000a04                SystemHFXOClockGet
 .text.SystemHFXOClockSet
                0x0000000000000a10       0xe8 ./gecko_sdk_4.2.3/platform/Device/SiliconLabs/EFM32GG/Source/system_efm32gg.o
                0x0000000000000a10                SystemHFXOClockSet
 .text.SystemInit
                0x0000000000000af8       0x10 ./gecko_sdk_4.2.3/platform/Device/SiliconLabs/EFM32GG/Source/system_efm32gg.o
                0x0000000000000af8                SystemInit
 .text.SystemLFRCOClockGet
                0x0000000000000b08        0x8 ./gecko_sdk_4.2.3/platform/Device/SiliconLabs/EFM32GG/Source/system_efm32gg.o
                0x0000000000000b08                SystemLFRCOClockGet
 .text.SystemULFRCOClockGet
                0x0000000000000b10        0x8 ./gecko_sdk_4.2.3/platform/Device/SiliconLabs/EFM32GG/Source/system_efm32gg.o
                0x0000000000000b10                SystemULFRCOClockGet
 .text.SystemLFXOClockGet
                0x0000000000000b18        0xc ./gecko_sdk_4.2.3/platform/Device/SiliconLabs/EFM32GG/Source/system_efm32gg.o
                0x0000000000000b18                SystemLFXOClockGet
 .text.assertEFM
                0x0000000000000b24        0x4 ./gecko_sdk_4.2.3/platform/common/src/sl_assert.o
                0x0000000000000b24                assertEFM
 .text._sbrk    0x0000000000000b28       0x20 ./gecko_sdk_4.2.3/platform/common/toolchain/src/sl_memory.o
                0x0000000000000b28                _sbrk
 .text.flashWaitStateMax
                0x0000000000000b48       0x80 ./gecko_sdk_4.2.3/platform/emlib/src/em_cmu.o
 .text.setHfLeConfig
                0x0000000000000bc8      0x100 ./gecko_sdk_4.2.3/platform/emlib/src/em_cmu.o
 .text.lfClkGet
                0x0000000000000cc8      0x1f4 ./gecko_sdk_4.2.3/platform/emlib/src/em_cmu.o
 .text.CMU_ClockDivGet
                0x0000000000000ebc      0x118 ./gecko_sdk_4.2.3/platform/emlib/src/em_cmu.o
                0x0000000000000ebc                CMU_ClockDivGet
 .text.CMU_ClockDivSet
                0x0000000000000fd4      0x4dc ./gecko_sdk_4.2.3/platform/emlib/src/em_cmu.o
                0x0000000000000fd4                CMU_ClockDivSet
 .text.CMU_ClockEnable
                0x00000000000014b0       0xbc ./gecko_sdk_4.2.3/platform/emlib/src/em_cmu.o
                0x00000000000014b0                CMU_ClockEnable
 .text.CMU_ClockFreqGet
                0x000000000000156c      0x238 ./gecko_sdk_4.2.3/platform/emlib/src/em_cmu.o
                0x000000000000156c                CMU_ClockFreqGet
 .text.sli_em_cmu_HFClockSelectHFXO
                0x00000000000017a4      0x1a0 ./gecko_sdk_4.2.3/platform/emlib/src/em_cmu.o
                0x00000000000017a4                sli_em_cmu_HFClockSelectHFXO
 .text.CMU_ClockSelectSet
                0x0000000000001944      0x35c ./gecko_sdk_4.2.3/platform/emlib/src/em_cmu.o
                0x0000000000001944                CMU_ClockSelectSet
 .text.CMU_HFXOInit
                0x0000000000001ca0       0x58 ./gecko_sdk_4.2.3/platform/emlib/src/em_cmu.o
                0x0000000000001ca0                CMU_HFXOInit
 .text.CMU_LCDClkFDIVSet
                0x0000000000001cf8       0x34 ./gecko_sdk_4.2.3/platform/emlib/src/em_cmu.o
                0x0000000000001cf8                CMU_LCDClkFDIVSet
 .text.CMU_LFXOInit
                0x0000000000001d2c       0x74 ./gecko_sdk_4.2.3/platform/emlib/src/em_cmu.o
                0x0000000000001d2c                CMU_LFXOInit
 .text.CMU_LFXOPrecisionSet
                0x0000000000001da0        0xc ./gecko_sdk_4.2.3/platform/emlib/src/em_cmu.o
                0x0000000000001da0                CMU_LFXOPrecisionSet
 .text.CMU_OscillatorEnable
                0x0000000000001dac       0x58 ./gecko_sdk_4.2.3/platform/emlib/src/em_cmu.o
                0x0000000000001dac                CMU_OscillatorEnable
 .text.CORE_EnterCritical
                0x0000000000001e04        0x8 ./gecko_sdk_4.2.3/platform/emlib/src/em_core.o
                0x0000000000001e04                CORE_EnterCritical
 .text.CORE_ExitCritical
                0x0000000000001e0c        0x8 ./gecko_sdk_4.2.3/platform/emlib/src/em_core.o
                0x0000000000001e0c                CORE_ExitCritical
 .text.DMA_IRQHandler
                0x0000000000001e14       0x90 ./gecko_sdk_4.2.3/platform/emlib/src/em_dma.o
                0x0000000000001e14                DMA_IRQHandler
 .text.EMU_EM4Init
                0x0000000000001ea4       0x38 ./gecko_sdk_4.2.3/platform/emlib/src/em_emu.o
                0x0000000000001ea4                EMU_EM4Init
 .text.GPIO_PinModeSet
                0x0000000000001edc      0x1b4 ./gecko_sdk_4.2.3/platform/emlib/src/em_gpio.o
                0x0000000000001edc                GPIO_PinModeSet
 .text.SYSTEM_ChipRevisionGet
                0x0000000000002090       0x50 ./gecko_sdk_4.2.3/platform/emlib/src/em_system.o
                0x0000000000002090                SYSTEM_ChipRevisionGet
 .text.USART_InitAsync
                0x00000000000020e0      0x1f0 ./gecko_sdk_4.2.3/platform/emlib/src/em_usart.o
                0x00000000000020e0                USART_InitAsync
 .text.USART_Rx
                0x00000000000022d0        0xc ./gecko_sdk_4.2.3/platform/emlib/src/em_usart.o
                0x00000000000022d0                USART_Rx
 .text.USART_Tx
                0x00000000000022dc        0xc ./gecko_sdk_4.2.3/platform/emlib/src/em_usart.o
                0x00000000000022dc                USART_Tx
 .text.sl_device_init_emu
                0x00000000000022e8       0x24 ./gecko_sdk_4.2.3/platform/service/device_init/src/sl_device_init_emu_s0.o
                0x00000000000022e8                sl_device_init_emu
 .text.sl_device_init_hfxo
                0x000000000000230c       0x28 ./gecko_sdk_4.2.3/platform/service/device_init/src/sl_device_init_hfxo_s0.o
                0x000000000000230c                sl_device_init_hfxo
 .text.sl_device_init_lfxo
                0x0000000000002334       0x24 ./gecko_sdk_4.2.3/platform/service/device_init/src/sl_device_init_lfxo_s0.o
                0x0000000000002334                sl_device_init_lfxo
 .text.sl_device_init_nvic
                0x0000000000002358       0x48 ./gecko_sdk_4.2.3/platform/service/device_init/src/sl_device_init_nvic.o
                0x0000000000002358                sl_device_init_nvic
 .text.sl_system_init
                0x00000000000023a0       0x1c ./gecko_sdk_4.2.3/platform/service/system/src/sl_system_init.o
                0x00000000000023a0                sl_system_init
 .text.sl_system_kernel_start
                0x00000000000023bc        0x4 ./gecko_sdk_4.2.3/platform/service/system/src/sl_system_kernel.o
                0x00000000000023bc                sl_system_kernel_start
 .text.sl_udelay_wait
                0x00000000000023c0       0x68 ./gecko_sdk_4.2.3/platform/service/udelay/src/sl_udelay.o
                0x00000000000023c0                sl_udelay_wait
 .text.SysTick_Handler
                0x0000000000002428       0x1c ./gecko_sdk_4.2.3/util/third_party/freertos/cmsis/Source/cmsis_os2.o
                0x0000000000002428                SysTick_Handler
 .text.osKernelInitialize
                0x0000000000002444       0x38 ./gecko_sdk_4.2.3/util/third_party/freertos/cmsis/Source/cmsis_os2.o
                0x0000000000002444                osKernelInitialize
 .text.osKernelStart
                0x000000000000247c       0x50 ./gecko_sdk_4.2.3/util/third_party/freertos/cmsis/Source/cmsis_os2.o
                0x000000000000247c                osKernelStart
 .text.vApplicationStackOverflowHook
                0x00000000000024cc       0x10 ./gecko_sdk_4.2.3/util/third_party/freertos/cmsis/Source/cmsis_os2.o
                0x00000000000024cc                vApplicationStackOverflowHook
 .text.vApplicationGetIdleTaskMemory
                0x00000000000024dc       0x1c ./gecko_sdk_4.2.3/util/third_party/freertos/cmsis/Source/cmsis_os2.o
                0x00000000000024dc                vApplicationGetIdleTaskMemory
 .text.vApplicationGetTimerTaskMemory
                0x00000000000024f8       0x1c ./gecko_sdk_4.2.3/util/third_party/freertos/cmsis/Source/cmsis_os2.o
                0x00000000000024f8                vApplicationGetTimerTaskMemory
 .text.vListInitialise
                0x0000000000002514       0x18 ./gecko_sdk_4.2.3/util/third_party/freertos/kernel/list.o
                0x0000000000002514                vListInitialise
 .text.vListInitialiseItem
                0x000000000000252c        0x8 ./gecko_sdk_4.2.3/util/third_party/freertos/kernel/list.o
                0x000000000000252c                vListInitialiseItem
 .text.vListInsertEnd
                0x0000000000002534       0x1c ./gecko_sdk_4.2.3/util/third_party/freertos/kernel/list.o
                0x0000000000002534                vListInsertEnd
 .text.vListInsert
                0x0000000000002550       0x30 ./gecko_sdk_4.2.3/util/third_party/freertos/kernel/list.o
                0x0000000000002550                vListInsert
 .text.uxListRemove
                0x0000000000002580       0x24 ./gecko_sdk_4.2.3/util/third_party/freertos/kernel/list.o
                0x0000000000002580                uxListRemove
 .text.xQueueGenericCreateStatic
                0x00000000000025a4       0xd4 ./gecko_sdk_4.2.3/util/third_party/freertos/kernel/queue.o
                0x00000000000025a4                xQueueGenericCreateStatic
 .text.xQueueGenericCreate
                0x0000000000002678       0xc4 ./gecko_sdk_4.2.3/util/third_party/freertos/kernel/queue.o
                0x0000000000002678                xQueueGenericCreate
 .text.xQueueGenericSend
                0x000000000000273c      0x3bc ./gecko_sdk_4.2.3/util/third_party/freertos/kernel/queue.o
                0x000000000000273c                xQueueGenericSend
 .text.xQueueGenericSendFromISR
                0x0000000000002af8      0x174 ./gecko_sdk_4.2.3/util/third_party/freertos/kernel/queue.o
                0x0000000000002af8                xQueueGenericSendFromISR
 .text.xQueueGiveFromISR
                0x0000000000002c6c       0xc0 ./gecko_sdk_4.2.3/util/third_party/freertos/kernel/queue.o
                0x0000000000002c6c                xQueueGiveFromISR
 .text.xQueueReceive
                0x0000000000002d2c      0x2ec ./gecko_sdk_4.2.3/util/third_party/freertos/kernel/queue.o
                0x0000000000002d2c                xQueueReceive
 .text.xQueueSemaphoreTake
                0x0000000000003018      0x348 ./gecko_sdk_4.2.3/util/third_party/freertos/kernel/queue.o
                0x0000000000003018                xQueueSemaphoreTake
 .text.vQueueAddToRegistry
                0x0000000000003360       0x60 ./gecko_sdk_4.2.3/util/third_party/freertos/kernel/queue.o
                0x0000000000003360                vQueueAddToRegistry
 .text.vQueueWaitForMessageRestricted
                0x00000000000033c0       0xc8 ./gecko_sdk_4.2.3/util/third_party/freertos/kernel/queue.o
                0x00000000000033c0                vQueueWaitForMessageRestricted
 .text.prvAddNewTaskToReadyList
                0x0000000000003488      0x110 ./gecko_sdk_4.2.3/util/third_party/freertos/kernel/tasks.o
 .text.vTaskSwitchContext.part.0
                0x0000000000003598       0xb4 ./gecko_sdk_4.2.3/util/third_party/freertos/kernel/tasks.o
 .text.prvInitialiseNewTask.constprop.0
                0x000000000000364c      0x104 ./gecko_sdk_4.2.3/util/third_party/freertos/kernel/tasks.o
 .text.prvIdleTask
                0x0000000000003750       0x9c ./gecko_sdk_4.2.3/util/third_party/freertos/kernel/tasks.o
 .text.xTaskIncrementTick.part.0
                0x00000000000037ec      0x14c ./gecko_sdk_4.2.3/util/third_party/freertos/kernel/tasks.o
 .text.xTaskCreateStatic
                0x0000000000003938       0xa4 ./gecko_sdk_4.2.3/util/third_party/freertos/kernel/tasks.o
                0x0000000000003938                xTaskCreateStatic
 .text.xTaskCreate
                0x00000000000039dc       0x64 ./gecko_sdk_4.2.3/util/third_party/freertos/kernel/tasks.o
                0x00000000000039dc                xTaskCreate
 .text.vTaskSuspend
                0x0000000000003a40       0xec ./gecko_sdk_4.2.3/util/third_party/freertos/kernel/tasks.o
                0x0000000000003a40                vTaskSuspend
 .text.xTaskResumeFromISR
                0x0000000000003b2c       0xd4 ./gecko_sdk_4.2.3/util/third_party/freertos/kernel/tasks.o
                0x0000000000003b2c                xTaskResumeFromISR
 .text.vTaskStartScheduler
                0x0000000000003c00      0x108 ./gecko_sdk_4.2.3/util/third_party/freertos/kernel/tasks.o
                0x0000000000003c00                vTaskStartScheduler
 .text.vTaskSuspendAll
                0x0000000000003d08       0x10 ./gecko_sdk_4.2.3/util/third_party/freertos/kernel/tasks.o
                0x0000000000003d08                vTaskSuspendAll
 .text.xTaskResumeAll
                0x0000000000003d18      0x14c ./gecko_sdk_4.2.3/util/third_party/freertos/kernel/tasks.o
                0x0000000000003d18                xTaskResumeAll
 .text.vTaskDelay
                0x0000000000003e64       0x90 ./gecko_sdk_4.2.3/util/third_party/freertos/kernel/tasks.o
                0x0000000000003e64                vTaskDelay
 .text.xTaskGetTickCount
                0x0000000000003ef4        0xc ./gecko_sdk_4.2.3/util/third_party/freertos/kernel/tasks.o
                0x0000000000003ef4                xTaskGetTickCount
 .text.xTaskIncrementTick
                0x0000000000003f00       0x20 ./gecko_sdk_4.2.3/util/third_party/freertos/kernel/tasks.o
                0x0000000000003f00                xTaskIncrementTick
 .text.vTaskSwitchContext
                0x0000000000003f20       0x1c ./gecko_sdk_4.2.3/util/third_party/freertos/kernel/tasks.o
                0x0000000000003f20                vTaskSwitchContext
 .text.vTaskPlaceOnEventList
                0x0000000000003f3c       0x8c ./gecko_sdk_4.2.3/util/third_party/freertos/kernel/tasks.o
                0x0000000000003f3c                vTaskPlaceOnEventList
 .text.vTaskPlaceOnEventListRestricted
                0x0000000000003fc8       0x98 ./gecko_sdk_4.2.3/util/third_party/freertos/kernel/tasks.o
                0x0000000000003fc8                vTaskPlaceOnEventListRestricted
 .text.xTaskRemoveFromEventList
                0x0000000000004060       0x88 ./gecko_sdk_4.2.3/util/third_party/freertos/kernel/tasks.o
                0x0000000000004060                xTaskRemoveFromEventList
 .text.vTaskInternalSetTimeOutState
                0x00000000000040e8       0x18 ./gecko_sdk_4.2.3/util/third_party/freertos/kernel/tasks.o
                0x00000000000040e8                vTaskInternalSetTimeOutState
 .text.xTaskCheckForTimeOut
                0x0000000000004100       0x84 ./gecko_sdk_4.2.3/util/third_party/freertos/kernel/tasks.o
                0x0000000000004100                xTaskCheckForTimeOut
 .text.vTaskMissedYield
                0x0000000000004184        0xc ./gecko_sdk_4.2.3/util/third_party/freertos/kernel/tasks.o
                0x0000000000004184                vTaskMissedYield
 .text.xTaskGetSchedulerState
                0x0000000000004190       0x20 ./gecko_sdk_4.2.3/util/third_party/freertos/kernel/tasks.o
                0x0000000000004190                xTaskGetSchedulerState
 .text.xTaskPriorityInherit
                0x00000000000041b0       0x84 ./gecko_sdk_4.2.3/util/third_party/freertos/kernel/tasks.o
                0x00000000000041b0                xTaskPriorityInherit
 .text.xTaskPriorityDisinherit
                0x0000000000004234       0x80 ./gecko_sdk_4.2.3/util/third_party/freertos/kernel/tasks.o
                0x0000000000004234                xTaskPriorityDisinherit
 .text.vTaskPriorityDisinheritAfterTimeout
                0x00000000000042b4       0x9c ./gecko_sdk_4.2.3/util/third_party/freertos/kernel/tasks.o
                0x00000000000042b4                vTaskPriorityDisinheritAfterTimeout
 .text.pvTaskIncrementMutexHeldCount
                0x0000000000004350       0x18 ./gecko_sdk_4.2.3/util/third_party/freertos/kernel/tasks.o
                0x0000000000004350                pvTaskIncrementMutexHeldCount
 .text.prvSwitchTimerLists
                0x0000000000004368       0x9c ./gecko_sdk_4.2.3/util/third_party/freertos/kernel/timers.o
 .text.prvTimerTask
                0x0000000000004404      0x288 ./gecko_sdk_4.2.3/util/third_party/freertos/kernel/timers.o
 .text.xTimerCreateTimerTask
                0x000000000000468c       0xc0 ./gecko_sdk_4.2.3/util/third_party/freertos/kernel/timers.o
                0x000000000000468c                xTimerCreateTimerTask
 .text.xTimerCreate
                0x000000000000474c       0xdc ./gecko_sdk_4.2.3/util/third_party/freertos/kernel/timers.o
                0x000000000000474c                xTimerCreate
 .text.xTimerGenericCommand
                0x0000000000004828       0x78 ./gecko_sdk_4.2.3/util/third_party/freertos/kernel/timers.o
                0x0000000000004828                xTimerGenericCommand
 .text.prvPortStartFirstTask
                0x00000000000048a0       0x20 ./gecko_sdk_4.2.3/util/third_party/freertos/kernel/portable/GCC/ARM_CM3/port.o
 .text.prvTaskExitError
                0x00000000000048c0       0x3c ./gecko_sdk_4.2.3/util/third_party/freertos/kernel/portable/GCC/ARM_CM3/port.o
 .text.pxPortInitialiseStack
                0x00000000000048fc       0x24 ./gecko_sdk_4.2.3/util/third_party/freertos/kernel/portable/GCC/ARM_CM3/port.o
                0x00000000000048fc                pxPortInitialiseStack
 .text.vPortEnterCritical
                0x0000000000004920       0x40 ./gecko_sdk_4.2.3/util/third_party/freertos/kernel/portable/GCC/ARM_CM3/port.o
                0x0000000000004920                vPortEnterCritical
 .text.vPortExitCritical
                0x0000000000004960       0x2c ./gecko_sdk_4.2.3/util/third_party/freertos/kernel/portable/GCC/ARM_CM3/port.o
                0x0000000000004960                vPortExitCritical
 .text.xPortSysTickHandler
                0x000000000000498c       0x2c ./gecko_sdk_4.2.3/util/third_party/freertos/kernel/portable/GCC/ARM_CM3/port.o
                0x000000000000498c                xPortSysTickHandler
 .text.vPortSetupTimerInterrupt
                0x00000000000049b8       0x2c ./gecko_sdk_4.2.3/util/third_party/freertos/kernel/portable/GCC/ARM_CM3/port.o
                0x00000000000049b8                vPortSetupTimerInterrupt
 .text.xPortStartScheduler
                0x00000000000049e4       0xe4 ./gecko_sdk_4.2.3/util/third_party/freertos/kernel/portable/GCC/ARM_CM3/port.o
                0x00000000000049e4                xPortStartScheduler
 .text.vPortValidateInterruptPriority
                0x0000000000004ac8       0x58 ./gecko_sdk_4.2.3/util/third_party/freertos/kernel/portable/GCC/ARM_CM3/port.o
                0x0000000000004ac8                vPortValidateInterruptPriority
 .text.pvPortMalloc
                0x0000000000004b20       0xc0 ./gecko_sdk_4.2.3/util/third_party/freertos/kernel/portable/MemMang/heap_2.o
                0x0000000000004b20                pvPortMalloc
 .text.vPortFree
                0x0000000000004be0       0x40 ./gecko_sdk_4.2.3/util/third_party/freertos/kernel/portable/MemMang/heap_2.o
                0x0000000000004be0                vPortFree
 .text.init_cursor
                0x0000000000004c20        0xc ./my/cursor.o
                0x0000000000004c20                init_cursor
 .text.getCursorPos
                0x0000000000004c2c       0x3c ./my/cursor.o
                0x0000000000004c2c                getCursorPos
 .text.moveUp   0x0000000000004c68      0x118 ./my/cursor.o
                0x0000000000004c68                moveUp
 .text.moveDown
                0x0000000000004d80      0x118 ./my/cursor.o
                0x0000000000004d80                moveDown
 .text.moveLeft
                0x0000000000004e98      0x208 ./my/cursor.o
                0x0000000000004e98                moveLeft
 .text.moveRight
                0x00000000000050a0      0x194 ./my/cursor.o
                0x00000000000050a0                moveRight
 .text.LCD_Init
                0x0000000000005234       0x54 ./my/em_lcd.o
                0x0000000000005234                LCD_Init
 .text.LCD_VLCDSelect
                0x0000000000005288       0x1c ./my/em_lcd.o
                0x0000000000005288                LCD_VLCDSelect
 .text.LCD_SegmentRangeEnable
                0x00000000000052a4       0x1c ./my/em_lcd.o
                0x00000000000052a4                LCD_SegmentRangeEnable
 .text.LCD_SegmentSet
                0x00000000000052c0      0x224 ./my/em_lcd.o
                0x00000000000052c0                LCD_SegmentSet
 .text.LCD_SegmentSetLow
                0x00000000000054e4       0xc8 ./my/em_lcd.o
                0x00000000000054e4                LCD_SegmentSetLow
 .text.LCD_SegmentSetHigh
                0x00000000000055ac       0xc8 ./my/em_lcd.o
                0x00000000000055ac                LCD_SegmentSetHigh
 .text.LCD_VBoostSet
                0x0000000000005674       0x14 ./my/em_lcd.o
                0x0000000000005674                LCD_VBoostSet
 .text.FieldPlusCursor
                0x0000000000005688       0x2c ./my/field.o
                0x0000000000005688                FieldPlusCursor
 .text.FieldMinusCursor
                0x00000000000056b4       0x2c ./my/field.o
                0x00000000000056b4                FieldMinusCursor
 .text.FieldPlusHit
                0x00000000000056e0       0x54 ./my/field.o
                0x00000000000056e0                FieldPlusHit
 .text.init_lcd
                0x0000000000005734        0x8 ./my/my_init.o
                0x0000000000005734                init_lcd
 .text.init_vcom
                0x000000000000573c        0xc ./my/my_init.o
                0x000000000000573c                init_vcom
 .text.init_uart0
                0x0000000000005748       0x70 ./my/my_init.o
                0x0000000000005748                init_uart0
 .text.init_map
                0x00000000000057b8      0x334 ./my/my_init.o
                0x00000000000057b8                init_map
 .text.SegmentLCD_ARingSet
                0x0000000000005aec       0x18 ./my/my_segmentlcd.o
                0x0000000000005aec                SegmentLCD_ARingSet
 .text.SegmentLCD_ARingOnDelay
                0x0000000000005b04       0x24 ./my/my_segmentlcd.o
                0x0000000000005b04                SegmentLCD_ARingOnDelay
 .text.SegmentLCD_ARingBlink
                0x0000000000005b28       0x3c ./my/my_segmentlcd.o
                0x0000000000005b28                SegmentLCD_ARingBlink
 .text.SegmentLCD_AllOff
                0x0000000000005b64       0xac ./my/segmentlcd.o
                0x0000000000005b64                SegmentLCD_AllOff
 .text.SegmentLCD_AlphaNumberOff
                0x0000000000005c10       0xa8 ./my/segmentlcd.o
                0x0000000000005c10                SegmentLCD_AlphaNumberOff
 .text.SegmentLCD_Init
                0x0000000000005cb8       0xac ./my/segmentlcd.o
                0x0000000000005cb8                SegmentLCD_Init
 .text.SegmentLCD_Number
                0x0000000000005d64      0x3b0 ./my/segmentlcd.o
                0x0000000000005d64                SegmentLCD_Number
 .text.SegmentLCD_Write
                0x0000000000006114      0x1e4 ./my/segmentlcd.o
                0x0000000000006114                SegmentLCD_Write
 .text.SegmentLCD_ARing
                0x00000000000062f8       0x20 ./my/segmentlcd.o
                0x00000000000062f8                SegmentLCD_ARing
 .text.SegmentLCD_LowerSegments
                0x0000000000006318       0x54 ./my/segmentlcd_individual.o
                0x0000000000006318                SegmentLCD_LowerSegments
 .text.shoot    0x000000000000636c       0x20 ./my/ships.o
                0x000000000000636c                shoot
 .text.hit      0x000000000000638c       0x30 ./my/ships.o
                0x000000000000638c                hit
 .text.isHit    0x00000000000063bc       0x20 ./my/ships.o
                0x00000000000063bc                isHit
 .text.exit     0x00000000000063dc       0x28 /Applications/Simplicity Studio.app/Contents/Eclipse/developer/toolchains/gnu_arm/10.3_2021.10/bin/../lib/gcc/arm-none-eabi/10.3.1/../../../../arm-none-eabi/lib/thumb/v7-m/nofp/libc_nano.a(lib_a-exit.o)
                0x00000000000063dc                exit
 .text.__libc_init_array
                0x0000000000006404       0x48 /Applications/Simplicity Studio.app/Contents/Eclipse/developer/toolchains/gnu_arm/10.3_2021.10/bin/../lib/gcc/arm-none-eabi/10.3.1/../../../../arm-none-eabi/lib/thumb/v7-m/nofp/libc_nano.a(lib_a-init.o)
                0x0000000000006404                __libc_init_array
 .text.snprintf
                0x000000000000644c       0x68 /Applications/Simplicity Studio.app/Contents/Eclipse/developer/toolchains/gnu_arm/10.3_2021.10/bin/../lib/gcc/arm-none-eabi/10.3.1/../../../../arm-none-eabi/lib/thumb/v7-m/nofp/libc_nano.a(lib_a-snprintf.o)
                0x000000000000644c                snprintf
                0x000000000000644c                sniprintf
 .text.sbrk_aligned
                0x00000000000064b4       0x40 /Applications/Simplicity Studio.app/Contents/Eclipse/developer/toolchains/gnu_arm/10.3_2021.10/bin/../lib/gcc/arm-none-eabi/10.3.1/../../../../arm-none-eabi/lib/thumb/v7-m/nofp/libc_nano.a(lib_a-nano-mallocr.o)
 .text._malloc_r
                0x00000000000064f4       0xe8 /Applications/Simplicity Studio.app/Contents/Eclipse/developer/toolchains/gnu_arm/10.3_2021.10/bin/../lib/gcc/arm-none-eabi/10.3.1/../../../../arm-none-eabi/lib/thumb/v7-m/nofp/libc_nano.a(lib_a-nano-mallocr.o)
                0x00000000000064f4                _malloc_r
 .text._svfprintf_r
                0x00000000000065dc      0x200 /Applications/Simplicity Studio.app/Contents/Eclipse/developer/toolchains/gnu_arm/10.3_2021.10/bin/../lib/gcc/arm-none-eabi/10.3.1/../../../../arm-none-eabi/lib/thumb/v7-m/nofp/libc_nano.a(lib_a-nano-svfprintf.o)
                0x00000000000065dc                _svfprintf_r
                0x00000000000065dc                _svfiprintf_r
 .text._printf_i
                0x00000000000067dc      0x24c /Applications/Simplicity Studio.app/Contents/Eclipse/developer/toolchains/gnu_arm/10.3_2021.10/bin/../lib/gcc/arm-none-eabi/10.3.1/../../../../arm-none-eabi/lib/thumb/v7-m/nofp/libc_nano.a(lib_a-nano-vfprintf_i.o)
                0x00000000000067dc                _printf_i
 .text._sbrk_r  0x0000000000006a28       0x20 /Applications/Simplicity Studio.app/Contents/Eclipse/developer/toolchains/gnu_arm/10.3_2021.10/bin/../lib/gcc/arm-none-eabi/10.3.1/../../../../arm-none-eabi/lib/thumb/v7-m/nofp/libc_nano.a(lib_a-sbrkr.o)
                0x0000000000006a28                _sbrk_r
 .text.__malloc_lock
                0x0000000000006a48        0xc /Applications/Simplicity Studio.app/Contents/Eclipse/developer/toolchains/gnu_arm/10.3_2021.10/bin/../lib/gcc/arm-none-eabi/10.3.1/../../../../arm-none-eabi/lib/thumb/v7-m/nofp/libc_nano.a(lib_a-mlock.o)
                0x0000000000006a48                __malloc_lock
 .text.__malloc_unlock
                0x0000000000006a54        0xc /Applications/Simplicity Studio.app/Contents/Eclipse/developer/toolchains/gnu_arm/10.3_2021.10/bin/../lib/gcc/arm-none-eabi/10.3.1/../../../../arm-none-eabi/lib/thumb/v7-m/nofp/libc_nano.a(lib_a-mlock.o)
                0x0000000000006a54                __malloc_unlock
 .text._free_r  0x0000000000006a60       0x90 /Applications/Simplicity Studio.app/Contents/Eclipse/developer/toolchains/gnu_arm/10.3_2021.10/bin/../lib/gcc/arm-none-eabi/10.3.1/../../../../arm-none-eabi/lib/thumb/v7-m/nofp/libc_nano.a(lib_a-nano-freer.o)
                0x0000000000006a60                _free_r
 .text._exit    0x0000000000006af0        0x4 /Applications/Simplicity Studio.app/Contents/Eclipse/developer/toolchains/gnu_arm/10.3_2021.10/bin/../lib/gcc/arm-none-eabi/10.3.1/../../../../arm-none-eabi/lib/thumb/v7-m/nofp/libnosys.a(_exit.o)
                0x0000000000006af0                _exit
 .text.abs      0x0000000000006af4        0x8 /Applications/Simplicity Studio.app/Contents/Eclipse/developer/toolchains/gnu_arm/10.3_2021.10/bin/../lib/gcc/arm-none-eabi/10.3.1/../../../../arm-none-eabi/lib/thumb/v7-m/nofp/libc_nano.a(lib_a-abs.o)
                0x0000000000006af4                abs
 .text.memcpy   0x0000000000006afc       0x1c /Applications/Simplicity Studio.app/Contents/Eclipse/developer/toolchains/gnu_arm/10.3_2021.10/bin/../lib/gcc/arm-none-eabi/10.3.1/../../../../arm-none-eabi/lib/thumb/v7-m/nofp/libc_nano.a(lib_a-memcpy-stub.o)
                0x0000000000006afc                memcpy
 .text.memset   0x0000000000006b18       0x10 /Applications/Simplicity Studio.app/Contents/Eclipse/developer/toolchains/gnu_arm/10.3_2021.10/bin/../lib/gcc/arm-none-eabi/10.3.1/../../../../arm-none-eabi/lib/thumb/v7-m/nofp/libc_nano.a(lib_a-memset.o)
                0x0000000000006b18                memset
 .text          0x0000000000006b28       0x14 /Applications/Simplicity Studio.app/Contents/Eclipse/developer/toolchains/gnu_arm/10.3_2021.10/bin/../lib/gcc/arm-none-eabi/10.3.1/../../../../arm-none-eabi/lib/thumb/v7-m/nofp/libc_nano.a(lib_a-strcmp.o)
                0x0000000000006b28                strcmp
 .text          0x0000000000006b3c       0x10 /Applications/Simplicity Studio.app/Contents/Eclipse/developer/toolchains/gnu_arm/10.3_2021.10/bin/../lib/gcc/arm-none-eabi/10.3.1/../../../../arm-none-eabi/lib/thumb/v7-m/nofp/libc_nano.a(lib_a-strlen.o)
                0x0000000000006b3c                strlen
 .text.__retarget_lock_acquire_recursive
                0x0000000000006b4c        0x2 /Applications/Simplicity Studio.app/Contents/Eclipse/developer/toolchains/gnu_arm/10.3_2021.10/bin/../lib/gcc/arm-none-eabi/10.3.1/../../../../arm-none-eabi/lib/thumb/v7-m/nofp/libc_nano.a(lib_a-lock.o)
                0x0000000000006b4c                __retarget_lock_acquire_recursive
 .text.__retarget_lock_release_recursive
                0x0000000000006b4e        0x2 /Applications/Simplicity Studio.app/Contents/Eclipse/developer/toolchains/gnu_arm/10.3_2021.10/bin/../lib/gcc/arm-none-eabi/10.3.1/../../../../arm-none-eabi/lib/thumb/v7-m/nofp/libc_nano.a(lib_a-lock.o)
                0x0000000000006b4e                __retarget_lock_release_recursive
 .text.__ssputs_r
                0x0000000000006b50       0xb6 /Applications/Simplicity Studio.app/Contents/Eclipse/developer/toolchains/gnu_arm/10.3_2021.10/bin/../lib/gcc/arm-none-eabi/10.3.1/../../../../arm-none-eabi/lib/thumb/v7-m/nofp/libc_nano.a(lib_a-nano-svfprintf.o)
                0x0000000000006b50                __ssputs_r
 .text._printf_common
                0x0000000000006c06       0xde /Applications/Simplicity Studio.app/Contents/Eclipse/developer/toolchains/gnu_arm/10.3_2021.10/bin/../lib/gcc/arm-none-eabi/10.3.1/../../../../arm-none-eabi/lib/thumb/v7-m/nofp/libc_nano.a(lib_a-nano-vfprintf_i.o)
                0x0000000000006c06                _printf_common
 .text.memchr   0x0000000000006ce4       0x1c /Applications/Simplicity Studio.app/Contents/Eclipse/developer/toolchains/gnu_arm/10.3_2021.10/bin/../lib/gcc/arm-none-eabi/10.3.1/../../../../arm-none-eabi/lib/thumb/v7-m/nofp/libc_nano.a(lib_a-memchr-stub.o)
                0x0000000000006ce4                memchr
 .text.memmove  0x0000000000006d00       0x34 /Applications/Simplicity Studio.app/Contents/Eclipse/developer/toolchains/gnu_arm/10.3_2021.10/bin/../lib/gcc/arm-none-eabi/10.3.1/../../../../arm-none-eabi/lib/thumb/v7-m/nofp/libc_nano.a(lib_a-memmove.o)
                0x0000000000006d00                memmove
 .text._realloc_r
                0x0000000000006d34       0x5e /Applications/Simplicity Studio.app/Contents/Eclipse/developer/toolchains/gnu_arm/10.3_2021.10/bin/../lib/gcc/arm-none-eabi/10.3.1/../../../../arm-none-eabi/lib/thumb/v7-m/nofp/libc_nano.a(lib_a-nano-reallocr.o)
                0x0000000000006d34                _realloc_r
 .text._malloc_usable_size_r
                0x0000000000006d92       0x10 /Applications/Simplicity Studio.app/Contents/Eclipse/developer/toolchains/gnu_arm/10.3_2021.10/bin/../lib/gcc/arm-none-eabi/10.3.1/../../../../arm-none-eabi/lib/thumb/v7-m/nofp/libc_nano.a(lib_a-nano-msizer.o)
                0x0000000000006d92                _malloc_usable_size_r
                0x0000000000006da2                linker_code_end = .
 *(.init)
 *fill*         0x0000000000006da2        0x2 
 .init          0x0000000000006da4        0x4 /Applications/Simplicity Studio.app/Contents/Eclipse/developer/toolchains/gnu_arm/10.3_2021.10/bin/../lib/gcc/arm-none-eabi/10.3.1/thumb/v7-m/nofp/crti.o
                0x0000000000006da4                _init
 .init          0x0000000000006da8        0x8 /Applications/Simplicity Studio.app/Contents/Eclipse/developer/toolchains/gnu_arm/10.3_2021.10/bin/../lib/gcc/arm-none-eabi/10.3.1/thumb/v7-m/nofp/crtn.o
 *(.fini)
 .fini          0x0000000000006db0        0x4 /Applications/Simplicity Studio.app/Contents/Eclipse/developer/toolchains/gnu_arm/10.3_2021.10/bin/../lib/gcc/arm-none-eabi/10.3.1/thumb/v7-m/nofp/crti.o
                0x0000000000006db0                _fini
 .fini          0x0000000000006db4        0x8 /Applications/Simplicity Studio.app/Contents/Eclipse/developer/toolchains/gnu_arm/10.3_2021.10/bin/../lib/gcc/arm-none-eabi/10.3.1/thumb/v7-m/nofp/crtn.o
 *crtbegin.o(.ctors)
 *crtbegin?.o(.ctors)
 *(EXCLUDE_FILE(*crtend.o *crtend?.o) .ctors)
 *(SORT_BY_NAME(.ctors.*))
 *(.ctors)
 *crtbegin.o(.dtors)
 *crtbegin?.o(.dtors)
 *(EXCLUDE_FILE(*crtend.o *crtend?.o) .dtors)
 *(SORT_BY_NAME(.dtors.*))
 *(.dtors)
 *(.rodata*)
 .rodata.prvTaskLCD.str1.4
                0x0000000000006dbc       0x13 ./app_06.o
 *fill*         0x0000000000006dcf        0x1 
 .rodata.app_init.str1.4
                0x0000000000006dd0       0x18 ./app_06.o
 .rodata        0x0000000000006de8        0x3 ./app_06.o
 *fill*         0x0000000000006deb        0x1 
 .rodata.setHfLeConfig.str1.4
                0x0000000000006dec       0x4f ./gecko_sdk_4.2.3/platform/emlib/src/em_cmu.o
 *fill*         0x0000000000006e3b        0x1 
 .rodata.CMU_ClockDivSet.str1.4
                0x0000000000006e3c       0x50 ./gecko_sdk_4.2.3/platform/emlib/src/em_cmu.o
 .rodata.CSWTCH.42
                0x0000000000006e8c        0x3 ./gecko_sdk_4.2.3/platform/emlib/src/em_cmu.o
 *fill*         0x0000000000006e8f        0x1 
 .rodata.CSWTCH.60
                0x0000000000006e90       0x14 ./gecko_sdk_4.2.3/platform/emlib/src/em_cmu.o
 .rodata.CSWTCH.61
                0x0000000000006ea4       0x14 ./gecko_sdk_4.2.3/platform/emlib/src/em_cmu.o
 .rodata.CSWTCH.62
                0x0000000000006eb8       0x14 ./gecko_sdk_4.2.3/platform/emlib/src/em_cmu.o
 .rodata.DMA_IRQHandler.str1.4
                0x0000000000006ecc       0x4f ./gecko_sdk_4.2.3/platform/emlib/src/em_dma.o
 *fill*         0x0000000000006f1b        0x1 
 .rodata.GPIO_DbgLocationSet.str1.4
                0x0000000000006f1c       0x50 ./gecko_sdk_4.2.3/platform/emlib/src/em_gpio.o
 .rodata.GPIO_PinModeSet.str1.4
                0x0000000000006f6c       0x51 ./gecko_sdk_4.2.3/platform/emlib/src/em_gpio.o
 *fill*         0x0000000000006fbd        0x3 
 .rodata.SYSTEM_ChipRevisionGet.str1.4
                0x0000000000006fc0       0x52 ./gecko_sdk_4.2.3/platform/emlib/src/em_system.o
 *fill*         0x0000000000007012        0x2 
 .rodata.USART_BaudrateAsyncSet.str1.4
                0x0000000000007014       0x51 ./gecko_sdk_4.2.3/platform/emlib/src/em_usart.o
 *fill*         0x0000000000007065        0x3 
 .rodata        0x0000000000007068        0x5 ./gecko_sdk_4.2.3/platform/service/device_init/src/sl_device_init_emu_s0.o
 *fill*         0x000000000000706d        0x3 
 .rodata        0x0000000000007070        0x4 ./gecko_sdk_4.2.3/platform/service/device_init/src/sl_device_init_hfxo_s0.o
 .rodata.sl_udelay_wait.str1.4
                0x0000000000007074       0x5b ./gecko_sdk_4.2.3/platform/service/udelay/src/sl_udelay.o
 *fill*         0x00000000000070cf        0x1 
 .rodata.vApplicationStackOverflowHook.str1.4
                0x00000000000070d0       0x66 ./gecko_sdk_4.2.3/util/third_party/freertos/cmsis/Source/cmsis_os2.o
 *fill*         0x0000000000007136        0x2 
 .rodata.xQueueGenericReset.str1.4
                0x0000000000007138       0x5c ./gecko_sdk_4.2.3/util/third_party/freertos/kernel/queue.o
 .rodata.vTaskSwitchContext.part.0.str1.4
                0x0000000000007194       0x5c ./gecko_sdk_4.2.3/util/third_party/freertos/kernel/tasks.o
 .rodata.vTaskStartScheduler.str1.4
                0x00000000000071f0        0x5 ./gecko_sdk_4.2.3/util/third_party/freertos/kernel/tasks.o
 *fill*         0x00000000000071f5        0x3 
 .rodata.prvSwitchTimerLists.str1.4
                0x00000000000071f8       0x5d ./gecko_sdk_4.2.3/util/third_party/freertos/kernel/timers.o
 *fill*         0x0000000000007255        0x3 
 .rodata.xTimerCreateTimerTask.str1.4
                0x0000000000007258       0x10 ./gecko_sdk_4.2.3/util/third_party/freertos/kernel/timers.o
 .rodata.prvTaskExitError.str1.4
                0x0000000000007268       0x70 ./gecko_sdk_4.2.3/util/third_party/freertos/kernel/portable/GCC/ARM_CM3/port.o
 .rodata.LCD_Init.str1.4
                0x00000000000072d8        0xf ./my/em_lcd.o
 *fill*         0x00000000000072e7        0x1 
 .rodata.LCD_SegmentSet.str1.4
                0x00000000000072e8       0x50 ./my/em_lcd.o
 .rodata        0x0000000000007338       0x18 ./my/my_init.o
 .rodata.EFM_Display
                0x0000000000007350      0x1fe ./my/segmentlcd.o
 *fill*         0x000000000000754e        0x2 
 .rodata.Segment_Alphabet
                0x0000000000007550       0xb8 ./my/segmentlcd.o
 .rodata.Segment_Numbers
                0x0000000000007608       0x22 ./my/segmentlcd.o
 *fill*         0x000000000000762a        0x2 
 .rodata.lcdInit
                0x000000000000762c       0x14 ./my/segmentlcd.o
 .rodata._global_impure_ptr
                0x0000000000007640        0x4 /Applications/Simplicity Studio.app/Contents/Eclipse/developer/toolchains/gnu_arm/10.3_2021.10/bin/../lib/gcc/arm-none-eabi/10.3.1/../../../../arm-none-eabi/lib/thumb/v7-m/nofp/libc_nano.a(lib_a-impure.o)
                0x0000000000007640                _global_impure_ptr
 .rodata.__sf_fake_stderr
                0x0000000000007644       0x20 /Applications/Simplicity Studio.app/Contents/Eclipse/developer/toolchains/gnu_arm/10.3_2021.10/bin/../lib/gcc/arm-none-eabi/10.3.1/../../../../arm-none-eabi/lib/thumb/v7-m/nofp/libc_nano.a(lib_a-findfp.o)
                0x0000000000007644                __sf_fake_stderr
 .rodata.__sf_fake_stdin
                0x0000000000007664       0x20 /Applications/Simplicity Studio.app/Contents/Eclipse/developer/toolchains/gnu_arm/10.3_2021.10/bin/../lib/gcc/arm-none-eabi/10.3.1/../../../../arm-none-eabi/lib/thumb/v7-m/nofp/libc_nano.a(lib_a-findfp.o)
                0x0000000000007664                __sf_fake_stdin
 .rodata.__sf_fake_stdout
                0x0000000000007684       0x20 /Applications/Simplicity Studio.app/Contents/Eclipse/developer/toolchains/gnu_arm/10.3_2021.10/bin/../lib/gcc/arm-none-eabi/10.3.1/../../../../arm-none-eabi/lib/thumb/v7-m/nofp/libc_nano.a(lib_a-findfp.o)
                0x0000000000007684                __sf_fake_stdout
 .rodata._svfprintf_r.str1.1
                0x00000000000076a4       0x11 /Applications/Simplicity Studio.app/Contents/Eclipse/developer/toolchains/gnu_arm/10.3_2021.10/bin/../lib/gcc/arm-none-eabi/10.3.1/../../../../arm-none-eabi/lib/thumb/v7-m/nofp/libc_nano.a(lib_a-nano-svfprintf.o)
 .rodata._printf_i.str1.1
                0x00000000000076b5       0x22 /Applications/Simplicity Studio.app/Contents/Eclipse/developer/toolchains/gnu_arm/10.3_2021.10/bin/../lib/gcc/arm-none-eabi/10.3.1/../../../../arm-none-eabi/lib/thumb/v7-m/nofp/libc_nano.a(lib_a-nano-vfprintf_i.o)
 *(.eh_frame*)
 *fill*         0x00000000000076d7        0x1 
 .eh_frame      0x00000000000076d8        0x0 /Applications/Simplicity Studio.app/Contents/Eclipse/developer/toolchains/gnu_arm/10.3_2021.10/bin/../lib/gcc/arm-none-eabi/10.3.1/thumb/v7-m/nofp/crtbegin.o

.glue_7         0x00000000000076d8        0x0
 .glue_7        0x00000000000076d8        0x0 linker stubs

.glue_7t        0x00000000000076d8        0x0
 .glue_7t       0x00000000000076d8        0x0 linker stubs

.vfp11_veneer   0x00000000000076d8        0x0
 .vfp11_veneer  0x00000000000076d8        0x0 linker stubs

.v4_bx          0x00000000000076d8        0x0
 .v4_bx         0x00000000000076d8        0x0 linker stubs

.iplt           0x00000000000076d8        0x0
 .iplt          0x00000000000076d8        0x0 /Applications/Simplicity Studio.app/Contents/Eclipse/developer/toolchains/gnu_arm/10.3_2021.10/bin/../lib/gcc/arm-none-eabi/10.3.1/thumb/v7-m/nofp/crtbegin.o

.ARM.extab
 *(.ARM.extab* .gnu.linkonce.armextab.*)
                0x00000000000076d8                __exidx_start = .

.ARM.exidx      0x00000000000076d8        0x8
 *(.ARM.exidx* .gnu.linkonce.armexidx.*)
 .ARM.exidx     0x00000000000076d8        0x8 /Applications/Simplicity Studio.app/Contents/Eclipse/developer/toolchains/gnu_arm/10.3_2021.10/bin/../lib/gcc/arm-none-eabi/10.3.1/../../../../arm-none-eabi/lib/thumb/v7-m/nofp/crt0.o
                                         0x10 (size before relaxing)
                0x00000000000076e0                __exidx_end = .

.rel.dyn        0x00000000000076e0        0x0
 .rel.iplt      0x00000000000076e0        0x0 /Applications/Simplicity Studio.app/Contents/Eclipse/developer/toolchains/gnu_arm/10.3_2021.10/bin/../lib/gcc/arm-none-eabi/10.3.1/thumb/v7-m/nofp/crtbegin.o

.copy.table     0x00000000000076e0        0xc
                0x00000000000076e0                . = ALIGN (0x4)
                0x00000000000076e0                __copy_table_start__ = .
                0x00000000000076e0        0x4 LONG 0x76ec __etext
                0x00000000000076e4        0x4 LONG 0x20001000 __data_start__
                0x00000000000076e8        0x4 LONG 0x1c4 ((__data_end__ - __data_start__) / 0x4)
                0x00000000000076ec                __copy_table_end__ = .

.zero.table     0x00000000000076ec        0x0
                0x00000000000076ec                . = ALIGN (0x4)
                0x00000000000076ec                __zero_table_start__ = .
                0x00000000000076ec                __zero_table_end__ = .
                0x00000000000076ec                __etext = .
                0x0000000020000000                . = ORIGIN (RAM)

.stack          0x0000000020000000     0x1000
                0x0000000020000000                __StackLimit = .
 *(.stack*)
 .stack         0x0000000020000000     0x1000 ./gecko_sdk_4.2.3/platform/common/toolchain/src/sl_memory.o
                0x0000000020001000                . = ALIGN (0x4)
                0x0000000020001000                __StackTop = .
                0x0000000020001000                PROVIDE (__stack = __StackTop)

.noinit
 *(.noinit*)

.data           0x0000000020001000      0x710 load address 0x00000000000076ec
                0x0000000020001000                . = ALIGN (0x4)
                0x0000000020001000                __data_start__ = .
 *(vtable)
 *(SORT_BY_ALIGNMENT(.data*))
 .data.SystemCoreClock
                0x0000000020001000        0x4 ./gecko_sdk_4.2.3/platform/Device/SiliconLabs/EFM32GG/Source/system_efm32gg.o
                0x0000000020001000                SystemCoreClock
 .data.SystemHFXOClock
                0x0000000020001004        0x4 ./gecko_sdk_4.2.3/platform/Device/SiliconLabs/EFM32GG/Source/system_efm32gg.o
 .data.SystemLFXOClock
                0x0000000020001008        0x4 ./gecko_sdk_4.2.3/platform/Device/SiliconLabs/EFM32GG/Source/system_efm32gg.o
 .data.heap_end.0
                0x000000002000100c        0x4 ./gecko_sdk_4.2.3/platform/common/toolchain/src/sl_memory.o
 .data.uxTopUsedPriority
                0x0000000020001010        0x4 ./gecko_sdk_4.2.3/util/third_party/freertos/kernel/tasks.o
                0x0000000020001010                uxTopUsedPriority
 .data.uxCriticalNesting
                0x0000000020001014        0x4 ./gecko_sdk_4.2.3/util/third_party/freertos/kernel/portable/GCC/ARM_CM3/port.o
 .data.xFreeBytesRemaining
                0x0000000020001018        0x4 ./gecko_sdk_4.2.3/util/third_party/freertos/kernel/portable/MemMang/heap_2.o
 .data.Text     0x000000002000101c       0xc4 ./my/segmentlcd_individual.o
                0x000000002000101c                Text
 .data.game_levels
                0x00000000200010e0      0x5be ./my/ships.o
                0x00000000200010e0                game_levels
 *fill*         0x000000002000169e        0x2 
 .data._impure_ptr
                0x00000000200016a0        0x4 /Applications/Simplicity Studio.app/Contents/Eclipse/developer/toolchains/gnu_arm/10.3_2021.10/bin/../lib/gcc/arm-none-eabi/10.3.1/../../../../arm-none-eabi/lib/thumb/v7-m/nofp/libc_nano.a(lib_a-impure.o)
                0x00000000200016a0                _impure_ptr
 .data.impure_data
                0x00000000200016a4       0x60 /Applications/Simplicity Studio.app/Contents/Eclipse/developer/toolchains/gnu_arm/10.3_2021.10/bin/../lib/gcc/arm-none-eabi/10.3.1/../../../../arm-none-eabi/lib/thumb/v7-m/nofp/libc_nano.a(lib_a-impure.o)
 .data.lfxo_precision
                0x0000000020001704        0x2 ./gecko_sdk_4.2.3/platform/emlib/src/em_cmu.o
 .data.PlusOrMinus.3
                0x0000000020001706        0x1 ./app_06.o
 .data.start.1  0x0000000020001707        0x1 ./app_06.o
                0x0000000020001708                . = ALIGN (0x4)
                [!provide]                        PROVIDE (__ram_func_section_start = .)
 *(.ram)
                [!provide]                        PROVIDE (__ram_func_section_end = .)
                0x0000000020001708                . = ALIGN (0x4)
                0x0000000020001708                PROVIDE (__preinit_array_start = .)
 *(.preinit_array)
                0x0000000020001708                PROVIDE (__preinit_array_end = .)
                0x0000000020001708                . = ALIGN (0x4)
                0x0000000020001708                PROVIDE (__init_array_start = .)
 *(SORT_BY_NAME(.init_array.*))
 *(.init_array)
 .init_array    0x0000000020001708        0x4 /Applications/Simplicity Studio.app/Contents/Eclipse/developer/toolchains/gnu_arm/10.3_2021.10/bin/../lib/gcc/arm-none-eabi/10.3.1/thumb/v7-m/nofp/crtbegin.o
                0x000000002000170c                PROVIDE (__init_array_end = .)
                0x000000002000170c                . = ALIGN (0x4)
                [!provide]                        PROVIDE (__fini_array_start = .)
 *(SORT_BY_NAME(.fini_array.*))
 *(.fini_array)
 .fini_array    0x000000002000170c        0x4 /Applications/Simplicity Studio.app/Contents/Eclipse/developer/toolchains/gnu_arm/10.3_2021.10/bin/../lib/gcc/arm-none-eabi/10.3.1/thumb/v7-m/nofp/crtbegin.o
                [!provide]                        PROVIDE (__fini_array_end = .)
                0x0000000020001710                . = ALIGN (0x4)
                0x0000000020001710                __data_end__ = .

.igot.plt       0x0000000020001710        0x0 load address 0x0000000000007dfc
 .igot.plt      0x0000000020001710        0x0 /Applications/Simplicity Studio.app/Contents/Eclipse/developer/toolchains/gnu_arm/10.3_2021.10/bin/../lib/gcc/arm-none-eabi/10.3.1/thumb/v7-m/nofp/crtbegin.o

.bss            0x0000000020001710     0x2ce0 load address 0x0000000000007dfc
                0x0000000020001710                . = ALIGN (0x4)
                0x0000000020001710                __bss_start__ = .
 *(SORT_BY_ALIGNMENT(.bss*))
 .bss.xQueueRegistry
                0x0000000020001710       0x50 ./gecko_sdk_4.2.3/util/third_party/freertos/kernel/queue.o
                0x0000000020001710                xQueueRegistry
 .bss           0x0000000020001760       0x1c /Applications/Simplicity Studio.app/Contents/Eclipse/developer/toolchains/gnu_arm/10.3_2021.10/bin/../lib/gcc/arm-none-eabi/10.3.1/thumb/v7-m/nofp/crtbegin.o
 .bss.CURSOR_POS
                0x000000002000177c        0xe ./app_06.o
                0x000000002000177c                CURSOR_POS
 *fill*         0x000000002000178a        0x2 
 .bss.FIELD     0x000000002000178c        0xe ./app_06.o
                0x000000002000178c                FIELD
 *fill*         0x000000002000179a        0x2 
 .bss.HIT       0x000000002000179c        0xe ./app_06.o
                0x000000002000179c                HIT
 *fill*         0x00000000200017aa        0x2 
 .bss.MAP       0x00000000200017ac        0xe ./app_06.o
                0x00000000200017ac                MAP
 *fill*         0x00000000200017ba        0x2 
 .bss.RxValid   0x00000000200017bc        0x4 ./app_06.o
                0x00000000200017bc                RxValid
 .bss.UartData  0x00000000200017c0        0x4 ./app_06.o
                0x00000000200017c0                UartData
 .bss.game_time_100ms
                0x00000000200017c4        0x4 ./app_06.o
                0x00000000200017c4                game_time_100ms
 .bss.hMsTimer  0x00000000200017c8        0x4 ./app_06.o
                0x00000000200017c8                hMsTimer
 .bss.hTaskCursorBlink
                0x00000000200017cc        0x4 ./app_06.o
                0x00000000200017cc                hTaskCursorBlink
 .bss.hTaskLCD  0x00000000200017d0        0x4 ./app_06.o
                0x00000000200017d0                hTaskLCD
 .bss.hTaskUart0
                0x00000000200017d4        0x4 ./app_06.o
                0x00000000200017d4                hTaskUart0
 .bss.Idle_Stack.2
                0x00000000200017d8      0x280 ./gecko_sdk_4.2.3/util/third_party/freertos/cmsis/Source/cmsis_os2.o
 .bss.Idle_TCB.3
                0x0000000020001a58       0x60 ./gecko_sdk_4.2.3/util/third_party/freertos/cmsis/Source/cmsis_os2.o
 .bss.KernelState
                0x0000000020001ab8        0x4 ./gecko_sdk_4.2.3/util/third_party/freertos/cmsis/Source/cmsis_os2.o
 .bss.Timer_Stack.0
                0x0000000020001abc      0x280 ./gecko_sdk_4.2.3/util/third_party/freertos/cmsis/Source/cmsis_os2.o
 .bss.Timer_TCB.1
                0x0000000020001d3c       0x60 ./gecko_sdk_4.2.3/util/third_party/freertos/cmsis/Source/cmsis_os2.o
 .bss.pxCurrentTCB
                0x0000000020001d9c        0x4 ./gecko_sdk_4.2.3/util/third_party/freertos/kernel/tasks.o
                0x0000000020001d9c                pxCurrentTCB
 .bss.pxDelayedTaskList
                0x0000000020001da0        0x4 ./gecko_sdk_4.2.3/util/third_party/freertos/kernel/tasks.o
 .bss.pxOverflowDelayedTaskList
                0x0000000020001da4        0x4 ./gecko_sdk_4.2.3/util/third_party/freertos/kernel/tasks.o
 .bss.pxReadyTasksLists
                0x0000000020001da8      0x460 ./gecko_sdk_4.2.3/util/third_party/freertos/kernel/tasks.o
 .bss.uxCurrentNumberOfTasks
                0x0000000020002208        0x4 ./gecko_sdk_4.2.3/util/third_party/freertos/kernel/tasks.o
 .bss.uxDeletedTasksWaitingCleanUp
                0x000000002000220c        0x4 ./gecko_sdk_4.2.3/util/third_party/freertos/kernel/tasks.o
 .bss.uxSchedulerSuspended
                0x0000000020002210        0x4 ./gecko_sdk_4.2.3/util/third_party/freertos/kernel/tasks.o
 .bss.uxTaskNumber
                0x0000000020002214        0x4 ./gecko_sdk_4.2.3/util/third_party/freertos/kernel/tasks.o
 .bss.uxTopReadyPriority
                0x0000000020002218        0x4 ./gecko_sdk_4.2.3/util/third_party/freertos/kernel/tasks.o
 .bss.xDelayedTaskList1
                0x000000002000221c       0x14 ./gecko_sdk_4.2.3/util/third_party/freertos/kernel/tasks.o
 .bss.xDelayedTaskList2
                0x0000000020002230       0x14 ./gecko_sdk_4.2.3/util/third_party/freertos/kernel/tasks.o
 .bss.xNextTaskUnblockTime
                0x0000000020002244        0x4 ./gecko_sdk_4.2.3/util/third_party/freertos/kernel/tasks.o
 .bss.xNumOfOverflows
                0x0000000020002248        0x4 ./gecko_sdk_4.2.3/util/third_party/freertos/kernel/tasks.o
 .bss.xPendedTicks
                0x000000002000224c        0x4 ./gecko_sdk_4.2.3/util/third_party/freertos/kernel/tasks.o
 .bss.xPendingReadyList
                0x0000000020002250       0x14 ./gecko_sdk_4.2.3/util/third_party/freertos/kernel/tasks.o
 .bss.xSchedulerRunning
                0x0000000020002264        0x4 ./gecko_sdk_4.2.3/util/third_party/freertos/kernel/tasks.o
 .bss.xSuspendedTaskList
                0x0000000020002268       0x14 ./gecko_sdk_4.2.3/util/third_party/freertos/kernel/tasks.o
 .bss.xTasksWaitingTermination
                0x000000002000227c       0x14 ./gecko_sdk_4.2.3/util/third_party/freertos/kernel/tasks.o
 .bss.xTickCount
                0x0000000020002290        0x4 ./gecko_sdk_4.2.3/util/third_party/freertos/kernel/tasks.o
 .bss.xYieldPending
                0x0000000020002294        0x4 ./gecko_sdk_4.2.3/util/third_party/freertos/kernel/tasks.o
 .bss.pxCurrentTimerList
                0x0000000020002298        0x4 ./gecko_sdk_4.2.3/util/third_party/freertos/kernel/timers.o
 .bss.pxOverflowTimerList
                0x000000002000229c        0x4 ./gecko_sdk_4.2.3/util/third_party/freertos/kernel/timers.o
 .bss.ucStaticTimerQueueStorage.1
                0x00000000200022a0       0xa0 ./gecko_sdk_4.2.3/util/third_party/freertos/kernel/timers.o
 .bss.xActiveTimerList1
                0x0000000020002340       0x14 ./gecko_sdk_4.2.3/util/third_party/freertos/kernel/timers.o
 .bss.xActiveTimerList2
                0x0000000020002354       0x14 ./gecko_sdk_4.2.3/util/third_party/freertos/kernel/timers.o
 .bss.xLastTime.2
                0x0000000020002368        0x4 ./gecko_sdk_4.2.3/util/third_party/freertos/kernel/timers.o
 .bss.xStaticTimerQueue.0
                0x000000002000236c       0x50 ./gecko_sdk_4.2.3/util/third_party/freertos/kernel/timers.o
 .bss.xTimerQueue
                0x00000000200023bc        0x4 ./gecko_sdk_4.2.3/util/third_party/freertos/kernel/timers.o
 .bss.xTimerTaskHandle
                0x00000000200023c0        0x4 ./gecko_sdk_4.2.3/util/third_party/freertos/kernel/timers.o
 .bss.ulMaxPRIGROUPValue
                0x00000000200023c4        0x4 ./gecko_sdk_4.2.3/util/third_party/freertos/kernel/portable/GCC/ARM_CM3/port.o
 .bss.ucHeap    0x00000000200023c8     0x2000 ./gecko_sdk_4.2.3/util/third_party/freertos/kernel/portable/MemMang/heap_2.o
 .bss.xEnd      0x00000000200043c8        0x8 ./gecko_sdk_4.2.3/util/third_party/freertos/kernel/portable/MemMang/heap_2.o
 .bss.xHeapHasBeenInitialised.0
                0x00000000200043d0        0x4 ./gecko_sdk_4.2.3/util/third_party/freertos/kernel/portable/MemMang/heap_2.o
 .bss.xStart    0x00000000200043d4        0x8 ./gecko_sdk_4.2.3/util/third_party/freertos/kernel/portable/MemMang/heap_2.o
 .bss.__malloc_free_list
                0x00000000200043dc        0x4 /Applications/Simplicity Studio.app/Contents/Eclipse/developer/toolchains/gnu_arm/10.3_2021.10/bin/../lib/gcc/arm-none-eabi/10.3.1/../../../../arm-none-eabi/lib/thumb/v7-m/nofp/libc_nano.a(lib_a-nano-mallocr.o)
                0x00000000200043dc                __malloc_free_list
 .bss.__malloc_sbrk_start
                0x00000000200043e0        0x4 /Applications/Simplicity Studio.app/Contents/Eclipse/developer/toolchains/gnu_arm/10.3_2021.10/bin/../lib/gcc/arm-none-eabi/10.3.1/../../../../arm-none-eabi/lib/thumb/v7-m/nofp/libc_nano.a(lib_a-nano-mallocr.o)
                0x00000000200043e0                __malloc_sbrk_start
 .bss.errno     0x00000000200043e4        0x4 /Applications/Simplicity Studio.app/Contents/Eclipse/developer/toolchains/gnu_arm/10.3_2021.10/bin/../lib/gcc/arm-none-eabi/10.3.1/../../../../arm-none-eabi/lib/thumb/v7-m/nofp/libc_nano.a(lib_a-reent.o)
                0x00000000200043e4                errno
 .bss.hits.0    0x00000000200043e8        0x1 ./app_06.o
 .bss.rx_data   0x00000000200043e9        0x1 ./app_06.o
                0x00000000200043e9                rx_data
 .bss.shoots.2  0x00000000200043ea        0x1 ./app_06.o
 .bss.ucMaxSysCallPriority
                0x00000000200043eb        0x1 ./gecko_sdk_4.2.3/util/third_party/freertos/kernel/portable/GCC/ARM_CM3/port.o
 .bss.__lock___malloc_recursive_mutex
                0x00000000200043ec        0x1 /Applications/Simplicity Studio.app/Contents/Eclipse/developer/toolchains/gnu_arm/10.3_2021.10/bin/../lib/gcc/arm-none-eabi/10.3.1/../../../../arm-none-eabi/lib/thumb/v7-m/nofp/libc_nano.a(lib_a-lock.o)
                0x00000000200043ec                __lock___malloc_recursive_mutex
 *(COMMON)
                0x00000000200043f0                . = ALIGN (0x4)
 *fill*         0x00000000200043ed        0x3 
                0x00000000200043f0                __bss_end__ = .

.heap           0x00000000200043f0    0x1bc10
                0x00000000200043f0                __HeapBase = .
                0x00000000200043f0                __end__ = .
                0x00000000200043f0                end = __end__
                0x00000000200043f0                _end = __end__
 *(.heap*)
 .heap          0x00000000200043f0      0x800 ./gecko_sdk_4.2.3/platform/common/toolchain/src/sl_memory.o
                0x0000000020020000                . = (ORIGIN (RAM) + LENGTH (RAM))
 *fill*         0x0000000020004bf0    0x1b410 
                0x0000000020020000                __HeapLimit = .
                0x000000000001bc10                __heap_size = (__HeapLimit - __HeapBase)
                0x0000000020020000                __ram_end__ = 0x20020000
                0x0000000000100000                __main_flash_end__ = 0x100000

.internal_storage
                0x00000000000076ec        0x0
 *(.internal_storage*)

.nvm            0x00000000000076ec        0x0
 *(.simee*)
                0x0000000000100000                linker_nvm_end = __main_flash_end__
                0x0000000000100000                linker_nvm_begin = (linker_nvm_end - SIZEOF (.nvm))
                0x0000000000000000                linker_nvm_size = SIZEOF (.nvm)
                0x0000000000100000                linker_storage_end = linker_nvm_begin
                0x0000000000100000                __nvm3Base = linker_nvm_begin
                0x0000000000100000                linker_storage_begin = (linker_storage_end - SIZEOF (.internal_storage))
                0x0000000000000000                linker_storage_size = SIZEOF (.internal_storage)
                0x0000000000000001                ASSERT ((linker_storage_begin >= (__etext + SIZEOF (.data))), FLASH memory overflowed !)
OUTPUT(hf.axf elf32-littlearm)
LOAD linker stubs

.ARM.attributes
                0x0000000000000000       0x29
 .ARM.attributes
                0x0000000000000000       0x1d /Applications/Simplicity Studio.app/Contents/Eclipse/developer/toolchains/gnu_arm/10.3_2021.10/bin/../lib/gcc/arm-none-eabi/10.3.1/thumb/v7-m/nofp/crti.o
 .ARM.attributes
                0x000000000000001d       0x2d /Applications/Simplicity Studio.app/Contents/Eclipse/developer/toolchains/gnu_arm/10.3_2021.10/bin/../lib/gcc/arm-none-eabi/10.3.1/thumb/v7-m/nofp/crtbegin.o
 .ARM.attributes
                0x000000000000004a       0x1b /Applications/Simplicity Studio.app/Contents/Eclipse/developer/toolchains/gnu_arm/10.3_2021.10/bin/../lib/gcc/arm-none-eabi/10.3.1/../../../../arm-none-eabi/lib/thumb/v7-m/nofp/crt0.o
 .ARM.attributes
                0x0000000000000065       0x2d ./app_06.o
 .ARM.attributes
                0x0000000000000092       0x2d ./main.o
 .ARM.attributes
                0x00000000000000bf       0x2d ./autogen/sl_board_default_init.o
 .ARM.attributes
                0x00000000000000ec       0x2d ./autogen/sl_device_init_clocks.o
 .ARM.attributes
                0x0000000000000119       0x2d ./autogen/sl_event_handler.o
 .ARM.attributes
                0x0000000000000146       0x2d ./gecko_sdk_4.2.3/hardware/board/src/sl_board_control_gpio.o
 .ARM.attributes
                0x0000000000000173       0x2d ./gecko_sdk_4.2.3/hardware/board/src/sl_board_init.o
 .ARM.attributes
                0x00000000000001a0       0x2d ./gecko_sdk_4.2.3/platform/Device/SiliconLabs/EFM32GG/Source/startup_efm32gg.o
 .ARM.attributes
                0x00000000000001cd       0x2d ./gecko_sdk_4.2.3/platform/Device/SiliconLabs/EFM32GG/Source/system_efm32gg.o
 .ARM.attributes
                0x00000000000001fa       0x2d ./gecko_sdk_4.2.3/platform/common/src/sl_assert.o
 .ARM.attributes
                0x0000000000000227       0x2d ./gecko_sdk_4.2.3/platform/common/toolchain/src/sl_memory.o
 .ARM.attributes
                0x0000000000000254       0x2d ./gecko_sdk_4.2.3/platform/emlib/src/em_cmu.o
 .ARM.attributes
                0x0000000000000281       0x2d ./gecko_sdk_4.2.3/platform/emlib/src/em_core.o
 .ARM.attributes
                0x00000000000002ae       0x2d ./gecko_sdk_4.2.3/platform/emlib/src/em_dma.o
 .ARM.attributes
                0x00000000000002db       0x2d ./gecko_sdk_4.2.3/platform/emlib/src/em_emu.o
 .ARM.attributes
                0x0000000000000308       0x2d ./gecko_sdk_4.2.3/platform/emlib/src/em_gpio.o
 .ARM.attributes
                0x0000000000000335       0x2d ./gecko_sdk_4.2.3/platform/emlib/src/em_system.o
 .ARM.attributes
                0x0000000000000362       0x2d ./gecko_sdk_4.2.3/platform/emlib/src/em_usart.o
 .ARM.attributes
                0x000000000000038f       0x2d ./gecko_sdk_4.2.3/platform/service/device_init/src/sl_device_init_emu_s0.o
 .ARM.attributes
                0x00000000000003bc       0x2d ./gecko_sdk_4.2.3/platform/service/device_init/src/sl_device_init_hfxo_s0.o
 .ARM.attributes
                0x00000000000003e9       0x2d ./gecko_sdk_4.2.3/platform/service/device_init/src/sl_device_init_lfxo_s0.o
 .ARM.attributes
                0x0000000000000416       0x2d ./gecko_sdk_4.2.3/platform/service/device_init/src/sl_device_init_nvic.o
 .ARM.attributes
                0x0000000000000443       0x2d ./gecko_sdk_4.2.3/platform/service/system/src/sl_system_init.o
 .ARM.attributes
                0x0000000000000470       0x2d ./gecko_sdk_4.2.3/platform/service/system/src/sl_system_kernel.o
 .ARM.attributes
                0x000000000000049d       0x2d ./gecko_sdk_4.2.3/platform/service/udelay/src/sl_udelay.o
 .ARM.attributes
                0x00000000000004ca       0x1b ./gecko_sdk_4.2.3/platform/service/udelay/src/sl_udelay_armv6m_gcc.o
 .ARM.attributes
                0x00000000000004e5       0x2d ./gecko_sdk_4.2.3/util/third_party/freertos/cmsis/Source/cmsis_os2.o
 .ARM.attributes
                0x0000000000000512       0x2d ./gecko_sdk_4.2.3/util/third_party/freertos/kernel/list.o
 .ARM.attributes
                0x000000000000053f       0x2d ./gecko_sdk_4.2.3/util/third_party/freertos/kernel/queue.o
 .ARM.attributes
                0x000000000000056c       0x2d ./gecko_sdk_4.2.3/util/third_party/freertos/kernel/tasks.o
 .ARM.attributes
                0x0000000000000599       0x2d ./gecko_sdk_4.2.3/util/third_party/freertos/kernel/timers.o
 .ARM.attributes
                0x00000000000005c6       0x2d ./gecko_sdk_4.2.3/util/third_party/freertos/kernel/portable/GCC/ARM_CM3/port.o
 .ARM.attributes
                0x00000000000005f3       0x2d ./gecko_sdk_4.2.3/util/third_party/freertos/kernel/portable/MemMang/heap_2.o
 .ARM.attributes
                0x0000000000000620       0x2d ./my/cursor.o
 .ARM.attributes
                0x000000000000064d       0x2d ./my/em_lcd.o
 .ARM.attributes
                0x000000000000067a       0x2d ./my/field.o
 .ARM.attributes
                0x00000000000006a7       0x2d ./my/my_init.o
 .ARM.attributes
                0x00000000000006d4       0x2d ./my/my_segmentlcd.o
 .ARM.attributes
                0x0000000000000701       0x2d ./my/segmentlcd.o
 .ARM.attributes
                0x000000000000072e       0x2d ./my/segmentlcd_individual.o
 .ARM.attributes
                0x000000000000075b       0x2d ./my/ships.o
 .ARM.attributes
                0x0000000000000788       0x2d /Applications/Simplicity Studio.app/Contents/Eclipse/developer/toolchains/gnu_arm/10.3_2021.10/bin/../lib/gcc/arm-none-eabi/10.3.1/../../../../arm-none-eabi/lib/thumb/v7-m/nofp/libc_nano.a(lib_a-abs.o)
 .ARM.attributes
                0x00000000000007b5       0x2d /Applications/Simplicity Studio.app/Contents/Eclipse/developer/toolchains/gnu_arm/10.3_2021.10/bin/../lib/gcc/arm-none-eabi/10.3.1/../../../../arm-none-eabi/lib/thumb/v7-m/nofp/libc_nano.a(lib_a-exit.o)
 .ARM.attributes
                0x00000000000007e2       0x2d /Applications/Simplicity Studio.app/Contents/Eclipse/developer/toolchains/gnu_arm/10.3_2021.10/bin/../lib/gcc/arm-none-eabi/10.3.1/../../../../arm-none-eabi/lib/thumb/v7-m/nofp/libc_nano.a(lib_a-impure.o)
 .ARM.attributes
                0x000000000000080f       0x2d /Applications/Simplicity Studio.app/Contents/Eclipse/developer/toolchains/gnu_arm/10.3_2021.10/bin/../lib/gcc/arm-none-eabi/10.3.1/../../../../arm-none-eabi/lib/thumb/v7-m/nofp/libc_nano.a(lib_a-init.o)
 .ARM.attributes
                0x000000000000083c       0x2d /Applications/Simplicity Studio.app/Contents/Eclipse/developer/toolchains/gnu_arm/10.3_2021.10/bin/../lib/gcc/arm-none-eabi/10.3.1/../../../../arm-none-eabi/lib/thumb/v7-m/nofp/libc_nano.a(lib_a-memcpy-stub.o)
 .ARM.attributes
                0x0000000000000869       0x2d /Applications/Simplicity Studio.app/Contents/Eclipse/developer/toolchains/gnu_arm/10.3_2021.10/bin/../lib/gcc/arm-none-eabi/10.3.1/../../../../arm-none-eabi/lib/thumb/v7-m/nofp/libc_nano.a(lib_a-memset.o)
 .ARM.attributes
                0x0000000000000896       0x2d /Applications/Simplicity Studio.app/Contents/Eclipse/developer/toolchains/gnu_arm/10.3_2021.10/bin/../lib/gcc/arm-none-eabi/10.3.1/../../../../arm-none-eabi/lib/thumb/v7-m/nofp/libc_nano.a(lib_a-snprintf.o)
 .ARM.attributes
                0x00000000000008c3       0x1b /Applications/Simplicity Studio.app/Contents/Eclipse/developer/toolchains/gnu_arm/10.3_2021.10/bin/../lib/gcc/arm-none-eabi/10.3.1/../../../../arm-none-eabi/lib/thumb/v7-m/nofp/libc_nano.a(lib_a-strcmp.o)
 .ARM.attributes
                0x00000000000008de       0x17 /Applications/Simplicity Studio.app/Contents/Eclipse/developer/toolchains/gnu_arm/10.3_2021.10/bin/../lib/gcc/arm-none-eabi/10.3.1/../../../../arm-none-eabi/lib/thumb/v7-m/nofp/libc_nano.a(lib_a-strlen.o)
 .ARM.attributes
                0x00000000000008f5       0x2d /Applications/Simplicity Studio.app/Contents/Eclipse/developer/toolchains/gnu_arm/10.3_2021.10/bin/../lib/gcc/arm-none-eabi/10.3.1/../../../../arm-none-eabi/lib/thumb/v7-m/nofp/libc_nano.a(lib_a-findfp.o)
 .ARM.attributes
                0x0000000000000922       0x2d /Applications/Simplicity Studio.app/Contents/Eclipse/developer/toolchains/gnu_arm/10.3_2021.10/bin/../lib/gcc/arm-none-eabi/10.3.1/../../../../arm-none-eabi/lib/thumb/v7-m/nofp/libc_nano.a(lib_a-lock.o)
 .ARM.attributes
                0x000000000000094f       0x2d /Applications/Simplicity Studio.app/Contents/Eclipse/developer/toolchains/gnu_arm/10.3_2021.10/bin/../lib/gcc/arm-none-eabi/10.3.1/../../../../arm-none-eabi/lib/thumb/v7-m/nofp/libc_nano.a(lib_a-nano-mallocr.o)
 .ARM.attributes
                0x000000000000097c       0x2d /Applications/Simplicity Studio.app/Contents/Eclipse/developer/toolchains/gnu_arm/10.3_2021.10/bin/../lib/gcc/arm-none-eabi/10.3.1/../../../../arm-none-eabi/lib/thumb/v7-m/nofp/libc_nano.a(lib_a-nano-svfprintf.o)
 .ARM.attributes
                0x00000000000009a9       0x2d /Applications/Simplicity Studio.app/Contents/Eclipse/developer/toolchains/gnu_arm/10.3_2021.10/bin/../lib/gcc/arm-none-eabi/10.3.1/../../../../arm-none-eabi/lib/thumb/v7-m/nofp/libc_nano.a(lib_a-nano-vfprintf_i.o)
 .ARM.attributes
                0x00000000000009d6       0x2d /Applications/Simplicity Studio.app/Contents/Eclipse/developer/toolchains/gnu_arm/10.3_2021.10/bin/../lib/gcc/arm-none-eabi/10.3.1/../../../../arm-none-eabi/lib/thumb/v7-m/nofp/libc_nano.a(lib_a-sbrkr.o)
 .ARM.attributes
                0x0000000000000a03       0x2d /Applications/Simplicity Studio.app/Contents/Eclipse/developer/toolchains/gnu_arm/10.3_2021.10/bin/../lib/gcc/arm-none-eabi/10.3.1/../../../../arm-none-eabi/lib/thumb/v7-m/nofp/libc_nano.a(lib_a-memchr-stub.o)
 .ARM.attributes
                0x0000000000000a30       0x2d /Applications/Simplicity Studio.app/Contents/Eclipse/developer/toolchains/gnu_arm/10.3_2021.10/bin/../lib/gcc/arm-none-eabi/10.3.1/../../../../arm-none-eabi/lib/thumb/v7-m/nofp/libc_nano.a(lib_a-memmove.o)
 .ARM.attributes
                0x0000000000000a5d       0x2d /Applications/Simplicity Studio.app/Contents/Eclipse/developer/toolchains/gnu_arm/10.3_2021.10/bin/../lib/gcc/arm-none-eabi/10.3.1/../../../../arm-none-eabi/lib/thumb/v7-m/nofp/libc_nano.a(lib_a-mlock.o)
 .ARM.attributes
                0x0000000000000a8a       0x2d /Applications/Simplicity Studio.app/Contents/Eclipse/developer/toolchains/gnu_arm/10.3_2021.10/bin/../lib/gcc/arm-none-eabi/10.3.1/../../../../arm-none-eabi/lib/thumb/v7-m/nofp/libc_nano.a(lib_a-nano-freer.o)
 .ARM.attributes
                0x0000000000000ab7       0x2d /Applications/Simplicity Studio.app/Contents/Eclipse/developer/toolchains/gnu_arm/10.3_2021.10/bin/../lib/gcc/arm-none-eabi/10.3.1/../../../../arm-none-eabi/lib/thumb/v7-m/nofp/libc_nano.a(lib_a-nano-reallocr.o)
 .ARM.attributes
                0x0000000000000ae4       0x2d /Applications/Simplicity Studio.app/Contents/Eclipse/developer/toolchains/gnu_arm/10.3_2021.10/bin/../lib/gcc/arm-none-eabi/10.3.1/../../../../arm-none-eabi/lib/thumb/v7-m/nofp/libc_nano.a(lib_a-reent.o)
 .ARM.attributes
                0x0000000000000b11       0x2d /Applications/Simplicity Studio.app/Contents/Eclipse/developer/toolchains/gnu_arm/10.3_2021.10/bin/../lib/gcc/arm-none-eabi/10.3.1/../../../../arm-none-eabi/lib/thumb/v7-m/nofp/libc_nano.a(lib_a-nano-msizer.o)
 .ARM.attributes
                0x0000000000000b3e       0x2d /Applications/Simplicity Studio.app/Contents/Eclipse/developer/toolchains/gnu_arm/10.3_2021.10/bin/../lib/gcc/arm-none-eabi/10.3.1/../../../../arm-none-eabi/lib/thumb/v7-m/nofp/libnosys.a(_exit.o)
 .ARM.attributes
                0x0000000000000b6b       0x1d /Applications/Simplicity Studio.app/Contents/Eclipse/developer/toolchains/gnu_arm/10.3_2021.10/bin/../lib/gcc/arm-none-eabi/10.3.1/thumb/v7-m/nofp/crtn.o

.comment        0x0000000000000000       0x49
 .comment       0x0000000000000000       0x49 ./app_06.o
                                         0x4a (size before relaxing)
 .comment       0x0000000000000049       0x4a ./main.o
 .comment       0x0000000000000049       0x4a ./autogen/sl_board_default_init.o
 .comment       0x0000000000000049       0x4a ./autogen/sl_device_init_clocks.o
 .comment       0x0000000000000049       0x4a ./autogen/sl_event_handler.o
 .comment       0x0000000000000049       0x4a ./gecko_sdk_4.2.3/hardware/board/src/sl_board_control_gpio.o
 .comment       0x0000000000000049       0x4a ./gecko_sdk_4.2.3/hardware/board/src/sl_board_init.o
 .comment       0x0000000000000049       0x4a ./gecko_sdk_4.2.3/platform/Device/SiliconLabs/EFM32GG/Source/startup_efm32gg.o
 .comment       0x0000000000000049       0x4a ./gecko_sdk_4.2.3/platform/Device/SiliconLabs/EFM32GG/Source/system_efm32gg.o
 .comment       0x0000000000000049       0x4a ./gecko_sdk_4.2.3/platform/common/src/sl_assert.o
 .comment       0x0000000000000049       0x4a ./gecko_sdk_4.2.3/platform/common/toolchain/src/sl_memory.o
 .comment       0x0000000000000049       0x4a ./gecko_sdk_4.2.3/platform/emlib/src/em_cmu.o
 .comment       0x0000000000000049       0x4a ./gecko_sdk_4.2.3/platform/emlib/src/em_core.o
 .comment       0x0000000000000049       0x4a ./gecko_sdk_4.2.3/platform/emlib/src/em_dma.o
 .comment       0x0000000000000049       0x4a ./gecko_sdk_4.2.3/platform/emlib/src/em_emu.o
 .comment       0x0000000000000049       0x4a ./gecko_sdk_4.2.3/platform/emlib/src/em_gpio.o
 .comment       0x0000000000000049       0x4a ./gecko_sdk_4.2.3/platform/emlib/src/em_system.o
 .comment       0x0000000000000049       0x4a ./gecko_sdk_4.2.3/platform/emlib/src/em_usart.o
 .comment       0x0000000000000049       0x4a ./gecko_sdk_4.2.3/platform/service/device_init/src/sl_device_init_emu_s0.o
 .comment       0x0000000000000049       0x4a ./gecko_sdk_4.2.3/platform/service/device_init/src/sl_device_init_hfxo_s0.o
 .comment       0x0000000000000049       0x4a ./gecko_sdk_4.2.3/platform/service/device_init/src/sl_device_init_lfxo_s0.o
 .comment       0x0000000000000049       0x4a ./gecko_sdk_4.2.3/platform/service/device_init/src/sl_device_init_nvic.o
 .comment       0x0000000000000049       0x4a ./gecko_sdk_4.2.3/platform/service/system/src/sl_system_init.o
 .comment       0x0000000000000049       0x4a ./gecko_sdk_4.2.3/platform/service/system/src/sl_system_kernel.o
 .comment       0x0000000000000049       0x4a ./gecko_sdk_4.2.3/platform/service/udelay/src/sl_udelay.o
 .comment       0x0000000000000049       0x4a ./gecko_sdk_4.2.3/util/third_party/freertos/cmsis/Source/cmsis_os2.o
 .comment       0x0000000000000049       0x4a ./gecko_sdk_4.2.3/util/third_party/freertos/kernel/list.o
 .comment       0x0000000000000049       0x4a ./gecko_sdk_4.2.3/util/third_party/freertos/kernel/queue.o
 .comment       0x0000000000000049       0x4a ./gecko_sdk_4.2.3/util/third_party/freertos/kernel/tasks.o
 .comment       0x0000000000000049       0x4a ./gecko_sdk_4.2.3/util/third_party/freertos/kernel/timers.o
 .comment       0x0000000000000049       0x4a ./gecko_sdk_4.2.3/util/third_party/freertos/kernel/portable/GCC/ARM_CM3/port.o
 .comment       0x0000000000000049       0x4a ./gecko_sdk_4.2.3/util/third_party/freertos/kernel/portable/MemMang/heap_2.o
 .comment       0x0000000000000049       0x4a ./my/cursor.o
 .comment       0x0000000000000049       0x4a ./my/em_lcd.o
 .comment       0x0000000000000049       0x4a ./my/field.o
 .comment       0x0000000000000049       0x4a ./my/my_init.o
 .comment       0x0000000000000049       0x4a ./my/my_segmentlcd.o
 .comment       0x0000000000000049       0x4a ./my/segmentlcd.o
 .comment       0x0000000000000049       0x4a ./my/segmentlcd_individual.o
 .comment       0x0000000000000049       0x4a ./my/ships.o

.debug_info     0x0000000000000000    0x2795f
 .debug_info    0x0000000000000000     0x1590 ./app_06.o
 .debug_info    0x0000000000001590       0xe3 ./main.o
 .debug_info    0x0000000000001673       0x86 ./autogen/sl_board_default_init.o
 .debug_info    0x00000000000016f9      0x52e ./autogen/sl_device_init_clocks.o
 .debug_info    0x0000000000001c27      0x59d ./autogen/sl_event_handler.o
 .debug_info    0x00000000000021c4      0x5c8 ./gecko_sdk_4.2.3/hardware/board/src/sl_board_control_gpio.o
 .debug_info    0x000000000000278c      0x28c ./gecko_sdk_4.2.3/hardware/board/src/sl_board_init.o
 .debug_info    0x0000000000002a18      0x336 ./gecko_sdk_4.2.3/platform/Device/SiliconLabs/EFM32GG/Source/startup_efm32gg.o
 .debug_info    0x0000000000002d4e      0x947 ./gecko_sdk_4.2.3/platform/Device/SiliconLabs/EFM32GG/Source/system_efm32gg.o
 .debug_info    0x0000000000003695       0x86 ./gecko_sdk_4.2.3/platform/common/src/sl_assert.o
 .debug_info    0x000000000000371b      0x205 ./gecko_sdk_4.2.3/platform/common/toolchain/src/sl_memory.o
 .debug_info    0x0000000000003920     0x4aab ./gecko_sdk_4.2.3/platform/emlib/src/em_cmu.o
 .debug_info    0x00000000000083cb     0x11e5 ./gecko_sdk_4.2.3/platform/emlib/src/em_core.o
 .debug_info    0x00000000000095b0     0x1e6f ./gecko_sdk_4.2.3/platform/emlib/src/em_dma.o
 .debug_info    0x000000000000b41f     0x18c2 ./gecko_sdk_4.2.3/platform/emlib/src/em_emu.o
 .debug_info    0x000000000000cce1      0xbe9 ./gecko_sdk_4.2.3/platform/emlib/src/em_gpio.o
 .debug_info    0x000000000000d8ca      0x321 ./gecko_sdk_4.2.3/platform/emlib/src/em_system.o
 .debug_info    0x000000000000dbeb     0x19fa ./gecko_sdk_4.2.3/platform/emlib/src/em_usart.o
 .debug_info    0x000000000000f5e5      0x17f ./gecko_sdk_4.2.3/platform/service/device_init/src/sl_device_init_emu_s0.o
 .debug_info    0x000000000000f764      0x1b2 ./gecko_sdk_4.2.3/platform/service/device_init/src/sl_device_init_hfxo_s0.o
 .debug_info    0x000000000000f916      0x1d9 ./gecko_sdk_4.2.3/platform/service/device_init/src/sl_device_init_lfxo_s0.o
 .debug_info    0x000000000000faef      0x5c7 ./gecko_sdk_4.2.3/platform/service/device_init/src/sl_device_init_nvic.o
 .debug_info    0x00000000000100b6       0xba ./gecko_sdk_4.2.3/platform/service/system/src/sl_system_init.o
 .debug_info    0x0000000000010170       0x5d ./gecko_sdk_4.2.3/platform/service/system/src/sl_system_kernel.o
 .debug_info    0x00000000000101cd      0x17c ./gecko_sdk_4.2.3/platform/service/udelay/src/sl_udelay.o
 .debug_info    0x0000000000010349       0x26 ./gecko_sdk_4.2.3/platform/service/udelay/src/sl_udelay_armv6m_gcc.o
 .debug_info    0x000000000001036f     0x608b ./gecko_sdk_4.2.3/util/third_party/freertos/cmsis/Source/cmsis_os2.o
 .debug_info    0x00000000000163fa      0x30a ./gecko_sdk_4.2.3/util/third_party/freertos/kernel/list.o
 .debug_info    0x0000000000016704     0x3c9c ./gecko_sdk_4.2.3/util/third_party/freertos/kernel/queue.o
 .debug_info    0x000000000001a3a0     0x44be ./gecko_sdk_4.2.3/util/third_party/freertos/kernel/tasks.o
 .debug_info    0x000000000001e85e     0x21ca ./gecko_sdk_4.2.3/util/third_party/freertos/kernel/timers.o
 .debug_info    0x0000000000020a28      0x5b6 ./gecko_sdk_4.2.3/util/third_party/freertos/kernel/portable/GCC/ARM_CM3/port.o
 .debug_info    0x0000000000020fde      0x3c1 ./gecko_sdk_4.2.3/util/third_party/freertos/kernel/portable/MemMang/heap_2.o
 .debug_info    0x000000000002139f      0x484 ./my/cursor.o
 .debug_info    0x0000000000021823     0x159c ./my/em_lcd.o
 .debug_info    0x0000000000022dbf      0x355 ./my/field.o
 .debug_info    0x0000000000023114      0xcc3 ./my/my_init.o
 .debug_info    0x0000000000023dd7      0x2a8 ./my/my_segmentlcd.o
 .debug_info    0x000000000002407f     0x2d32 ./my/segmentlcd.o
 .debug_info    0x0000000000026db1      0x7b8 ./my/segmentlcd_individual.o
 .debug_info    0x0000000000027569      0x3f6 ./my/ships.o

.debug_abbrev   0x0000000000000000     0x57e8
 .debug_abbrev  0x0000000000000000      0x369 ./app_06.o
 .debug_abbrev  0x0000000000000369       0x69 ./main.o
 .debug_abbrev  0x00000000000003d2       0x46 ./autogen/sl_board_default_init.o
 .debug_abbrev  0x0000000000000418      0x123 ./autogen/sl_device_init_clocks.o
 .debug_abbrev  0x000000000000053b      0x1fa ./autogen/sl_event_handler.o
 .debug_abbrev  0x0000000000000735      0x17a ./gecko_sdk_4.2.3/hardware/board/src/sl_board_control_gpio.o
 .debug_abbrev  0x00000000000008af       0xe8 ./gecko_sdk_4.2.3/hardware/board/src/sl_board_init.o
 .debug_abbrev  0x0000000000000997      0x1cd ./gecko_sdk_4.2.3/platform/Device/SiliconLabs/EFM32GG/Source/startup_efm32gg.o
 .debug_abbrev  0x0000000000000b64      0x260 ./gecko_sdk_4.2.3/platform/Device/SiliconLabs/EFM32GG/Source/system_efm32gg.o
 .debug_abbrev  0x0000000000000dc4       0x6c ./gecko_sdk_4.2.3/platform/common/src/sl_assert.o
 .debug_abbrev  0x0000000000000e30      0x11e ./gecko_sdk_4.2.3/platform/common/toolchain/src/sl_memory.o
 .debug_abbrev  0x0000000000000f4e      0x4b5 ./gecko_sdk_4.2.3/platform/emlib/src/em_cmu.o
 .debug_abbrev  0x0000000000001403      0x303 ./gecko_sdk_4.2.3/platform/emlib/src/em_core.o
 .debug_abbrev  0x0000000000001706      0x3b4 ./gecko_sdk_4.2.3/platform/emlib/src/em_dma.o